interactions:
- request:
    body: null
    headers: {}
    method: GET
    uri: https://api.pixelstarships.com/SettingService/GetLatestVersion3?deviceType=DeviceTypeAndroid&languageKey=en
  response:
    body:
      string: <SettingService><GetLatestSetting><Setting SettingId="1" ServerSettingVersion="2330010"
        MinimumClientVersion="0.998.7" MaintenanceMessage="" AllianceBadgeSpriteIds="2261,2262,2263,2264,2265,2266,2267,2268,2269,2270,2271,2272,2273,2274,2275,2276,2277,2278,2279,2280,2281,2282,2283,2284,2285,2286,2287,2288,2289,2290,2291,2293,2294,2295,2296,2297,2298,2299,2300,2301,2302,2303,2304,2305,2306,2307,2308,2309,2310,2311,2312,2313,2314,2315,2316,2317,2318,2319,2320,2321,2322,653,654,655,2771,19343,19344,19345,19346,19347,19348,19349,19350,19351,19352,19353,19354,19355,19356,19357,19358,19359,19360,19361,19362,19363,19364,19365,19366,19367,19368,19369,19370,19371,19372,19373,19374,19375,19376,19377,19378,19379,19380,19381,19382,19383,19384,19385,19386,19387,19388,19389,19390,19391"
        FileVersion="2658" SpriteVersion="6127" CharacterDesignVersion="1112" CharacterPartVersion="908"
        AnimationVersion="869" RoomDesignVersion="925" MissileDesignVersion="569"
        ResearchDesignVersion="546" RoomDesignSpriteVersion="775" AchievementDesignVersion="582"
        ConditionTypeVersion="511" CraftDesignVersion="493" ItemDesignVersion="164998"
        ActionTypeVersion="462" RoomDesignPurchaseVersion="728" ShipDesignVersion="671"
        LeagueVersion="462" BackgroundVersion="500" MissionDesignVersion="801" TrainingDesignVersion="443"
        FeatureMask="3" ChallengeDesignVersion="614" ProductionServer="api.pixelstarships.com"
        Flags="8888563449" CharacterDesignActionVersion="398" RewardDesignVersion="345800"
        TournamentFinalDuration="7" DivisionDesignVersion="542" CollectionDesignVersion="397"
        RewardPointPercentage="140" IsDebug="false" DrawDesignVersion="365" AbilityDesignVersion="349"
        VipDesignVersion="349" StarSystemVersion="358" StarSystemLinkVersion="354"
        PlanetVersion="333" MaxDailyDraws="12" CurrentAndroidVersion="0.998.7" PromotionDesignVersion="1411"
        RewardVideoTimeReduction="900" ABTestingRollout="0" LootModifiers="0,10,20,50"
        TournamentBonusScore="6" SituationDesignVersion="537" AFeatureMask="0" BFeatureMask="1"
        PrestigeTopCharacterDesignId="488" ProBonoLimit="10" TaskDesignVersion="1075178"
        NewsDesignVersion="371" MinimumVersion="0.998.7" RecommendedVersion="0.998.15"
        GracePeriod="0" PurgePeriod="14" BoostMultiplier="2" BoostDuration="14400"
        MaxBoostDuration="43200" ChecksumType="HardcodedChecksum" ItemDesignActionVersion="95"
        ClientTranslationVersion="88" SeasonDesignVersion="106" AssetVersion="81"
        TaskRerollCost="15" RushTierCost="10" TaskRerollMaxCount="99999" LegendaryBattleCount="12"
        LegendaryRulesText="Welcome to Legendary League! You've proven yourself one
        of the top-ranked captains in the galaxy, and have been entered into an exclusive
        matchmaking pool for captains in the Legend rank. Captains in the Legend rank
        trophy range gain no active immunity (except from items) and are allowed only
        a limited amount of battles a day, so make them count! Additionally, a failed
        attack attempt in Legendary League will not result in a loss of trophies,
        although failed defence battles will cause a deduction as normal." LegendaryRewardsText="Captains
        in Legendary League face increased difficulty, but also much greater rewards.
        Loot rewards will be a set amount based on opponent level, rather than their
        stockpiles, and will grant more crew xp as well as item drops. In the event
        of a failed attack, attackers can gain partial rewards based on battle performance.
        Finally, players that end a day with a net gain of trophies will receive up
        to 2 dove points." LegendaryTrophyIn="5000" LegendaryTrophyOut="4900" LegendaryLootPercentage="10"
        LegendaryDovesAmount="1" LegendaryResultTrophyModifiers="100|30|20|10|15|0|0|15|0|0"
        LegendaryResultRewardModifiers="150|50" MarkerGeneratorDesignVersion="50"
        NumberOfVoteOptions="0" VotingDuration="7" SituationTags="hazard" SupportEmail=""
        BoostGaugeMobile="0" BoostGaugePC="43200" MaintenanceTitle="" EngineEfficiencyLoss="0.2"
        MaxRedemptionCount="0" MaxRedemptionCountPerMonth="2" SkinVersion="47" MinTrophiesForStarbuxTrading="2000"
        MinPurchaseRewardPointsForStarbuxTrading="1" ABTestingStartDate="2019-03-04T00:00:00"
        SupportTaskRanDate="2024-03-21T07:07:09" TournamentSpriteId="8000" NewUserCount="1739"
        NewsUpdateDate="2024-03-21T00:01:27" ReplayAvailableDate="2021-09-09T21:00:49"
        BackgroundId="35" BattleBackgroundId="0" LoadingTitleSpriteId="17262" LoadingSubtitleSpriteId="20906"
        LeftLoadingSpriteId="18625" RightLoadingSpriteId="18629" LoadingShipSpriteId="17263"
        MerchantShipSpriteId="19441" MerchantShipExteriorSpriteId="19440" MaintenanceDate="2000-01-01T00:00:00"
        /></GetLatestSetting></SettingService>
    headers:
      Access-Control-Allow-Headers:
      - '*'
      Access-Control-Allow-Methods:
      - '*'
      Access-Control-Allow-Origin:
      - '*'
      Cache-Control:
      - private
      Connection:
      - keep-alive
      Content-Encoding:
      - gzip
      Content-Type:
      - application/xml
      Date:
      - Thu, 21 Mar 2024 07:10:48 GMT
      Server:
      - Microsoft-IIS/10.0
      Transfer-Encoding:
      - chunked
      Vary:
      - Accept-Encoding
      Via:
      - 1.1 33c97bbb27238fe2afd4da07b8379206.cloudfront.net (CloudFront)
      X-Amz-Cf-Id:
      - ZxXmt3JyjaRAWzPwAFcwH6zDCTaUzNbeRoXuJQbdOE8QNTWe5hk-8Q==
      X-Amz-Cf-Pop:
      - TXL50-P4
      X-AspNet-Version:
      - 4.0.30319
      X-Cache:
      - Miss from cloudfront
      X-Powered-By:
      - ASP.NET
    status:
      code: 200
      message: OK
- request:
    body: null
    headers: {}
    method: GET
    uri: https://api.pixelstarships.com/SettingService/GetLatestVersion3?deviceType=DeviceTypeAndroid&languageKey=en
  response:
    body:
      string: <SettingService><GetLatestSetting><Setting SettingId="1" ServerSettingVersion="2330010"
        MinimumClientVersion="0.998.7" MaintenanceMessage="" AllianceBadgeSpriteIds="2261,2262,2263,2264,2265,2266,2267,2268,2269,2270,2271,2272,2273,2274,2275,2276,2277,2278,2279,2280,2281,2282,2283,2284,2285,2286,2287,2288,2289,2290,2291,2293,2294,2295,2296,2297,2298,2299,2300,2301,2302,2303,2304,2305,2306,2307,2308,2309,2310,2311,2312,2313,2314,2315,2316,2317,2318,2319,2320,2321,2322,653,654,655,2771,19343,19344,19345,19346,19347,19348,19349,19350,19351,19352,19353,19354,19355,19356,19357,19358,19359,19360,19361,19362,19363,19364,19365,19366,19367,19368,19369,19370,19371,19372,19373,19374,19375,19376,19377,19378,19379,19380,19381,19382,19383,19384,19385,19386,19387,19388,19389,19390,19391"
        FileVersion="2658" SpriteVersion="6127" CharacterDesignVersion="1112" CharacterPartVersion="908"
        AnimationVersion="869" RoomDesignVersion="925" MissileDesignVersion="569"
        ResearchDesignVersion="546" RoomDesignSpriteVersion="775" AchievementDesignVersion="582"
        ConditionTypeVersion="511" CraftDesignVersion="493" ItemDesignVersion="164998"
        ActionTypeVersion="462" RoomDesignPurchaseVersion="728" ShipDesignVersion="671"
        LeagueVersion="462" BackgroundVersion="500" MissionDesignVersion="801" TrainingDesignVersion="443"
        FeatureMask="3" ChallengeDesignVersion="614" ProductionServer="api.pixelstarships.com"
        Flags="8888563449" CharacterDesignActionVersion="398" RewardDesignVersion="345800"
        TournamentFinalDuration="7" DivisionDesignVersion="542" CollectionDesignVersion="397"
        RewardPointPercentage="140" IsDebug="false" DrawDesignVersion="365" AbilityDesignVersion="349"
        VipDesignVersion="349" StarSystemVersion="358" StarSystemLinkVersion="354"
        PlanetVersion="333" MaxDailyDraws="12" CurrentAndroidVersion="0.998.7" PromotionDesignVersion="1411"
        RewardVideoTimeReduction="900" ABTestingRollout="0" LootModifiers="0,10,20,50"
        TournamentBonusScore="6" SituationDesignVersion="537" AFeatureMask="0" BFeatureMask="1"
        PrestigeTopCharacterDesignId="488" ProBonoLimit="10" TaskDesignVersion="1075178"
        NewsDesignVersion="371" MinimumVersion="0.998.7" RecommendedVersion="0.998.15"
        GracePeriod="0" PurgePeriod="14" BoostMultiplier="2" BoostDuration="14400"
        MaxBoostDuration="43200" ChecksumType="HardcodedChecksum" ItemDesignActionVersion="95"
        ClientTranslationVersion="88" SeasonDesignVersion="106" AssetVersion="81"
        TaskRerollCost="15" RushTierCost="10" TaskRerollMaxCount="99999" LegendaryBattleCount="12"
        LegendaryRulesText="Welcome to Legendary League! You've proven yourself one
        of the top-ranked captains in the galaxy, and have been entered into an exclusive
        matchmaking pool for captains in the Legend rank. Captains in the Legend rank
        trophy range gain no active immunity (except from items) and are allowed only
        a limited amount of battles a day, so make them count! Additionally, a failed
        attack attempt in Legendary League will not result in a loss of trophies,
        although failed defence battles will cause a deduction as normal." LegendaryRewardsText="Captains
        in Legendary League face increased difficulty, but also much greater rewards.
        Loot rewards will be a set amount based on opponent level, rather than their
        stockpiles, and will grant more crew xp as well as item drops. In the event
        of a failed attack, attackers can gain partial rewards based on battle performance.
        Finally, players that end a day with a net gain of trophies will receive up
        to 2 dove points." LegendaryTrophyIn="5000" LegendaryTrophyOut="4900" LegendaryLootPercentage="10"
        LegendaryDovesAmount="1" LegendaryResultTrophyModifiers="100|30|20|10|15|0|0|15|0|0"
        LegendaryResultRewardModifiers="150|50" MarkerGeneratorDesignVersion="50"
        NumberOfVoteOptions="0" VotingDuration="7" SituationTags="hazard" SupportEmail=""
        BoostGaugeMobile="0" BoostGaugePC="43200" MaintenanceTitle="" EngineEfficiencyLoss="0.2"
        MaxRedemptionCount="0" MaxRedemptionCountPerMonth="2" SkinVersion="47" MinTrophiesForStarbuxTrading="2000"
        MinPurchaseRewardPointsForStarbuxTrading="1" ABTestingStartDate="2019-03-04T00:00:00"
        SupportTaskRanDate="2024-03-21T07:07:09" TournamentSpriteId="8000" NewUserCount="1740"
        NewsUpdateDate="2024-03-21T00:01:27" ReplayAvailableDate="2021-09-09T21:00:49"
        BackgroundId="35" BattleBackgroundId="0" LoadingTitleSpriteId="17262" LoadingSubtitleSpriteId="20906"
        LeftLoadingSpriteId="18625" RightLoadingSpriteId="18629" LoadingShipSpriteId="17263"
        MerchantShipSpriteId="19441" MerchantShipExteriorSpriteId="19440" MaintenanceDate="2000-01-01T00:00:00"
        /></GetLatestSetting></SettingService>
    headers:
      Access-Control-Allow-Headers:
      - '*'
      Access-Control-Allow-Methods:
      - '*'
      Access-Control-Allow-Origin:
      - '*'
      Cache-Control:
      - private
      Connection:
      - keep-alive
      Content-Encoding:
      - gzip
      Content-Type:
      - application/xml
      Date:
      - Thu, 21 Mar 2024 07:10:49 GMT
      Server:
      - Microsoft-IIS/10.0
      Transfer-Encoding:
      - chunked
      Vary:
      - Accept-Encoding
      Via:
      - 1.1 d9a3650110a8e2b78edd73b33e0fa948.cloudfront.net (CloudFront)
      X-Amz-Cf-Id:
      - tTElqfolRdUN15e_uJP1NMo7G4dO2TtgsFgV5E6VPim5BbeHukV7rQ==
      X-Amz-Cf-Pop:
      - TXL50-P4
      X-AspNet-Version:
      - 4.0.30319
      X-Cache:
      - Miss from cloudfront
      X-Powered-By:
      - ASP.NET
    status:
      code: 200
      message: OK
- request:
    body: null
    headers: {}
    method: GET
    uri: https://api.pixelstarships.com/AchievementService/ListAchievementDesigns2?languageKey=en
  response:
    body:
      string: "<AchievementService><ListAchievementDesigns version=\"582\"><AchievementDesigns><AchievementDesign
        AchievementDesignId=\"1\" AchievementTitle=\"Deep Space Miner I\" AchievementDescription=\"Purchase
        a mining storage facility.\" AchievementKey=\"com.savysoda.pixelStarships.deepSpaceMiner1\"
        AchievementReward=\"5\" AchievementGoal=\"1\" AchievementType=\"Mining\" OrderIndex=\"3\"
        GuideType=\"BuyRoom\" GuideArgument=\"60\" MineralReward=\"0\" GasReward=\"0\"
        SpriteId=\"4524\" IsHidden=\"false\" RewardString=\"starbux:5\" DurationType=\"Permanent\"
        ParentAchievementDesignId=\"0\" RootAchievementDesignId=\"1\" /><AchievementDesign
        AchievementDesignId=\"2\" AchievementTitle=\"Deep Space Miner II\" AchievementDescription=\"Upgrade
        to a level 3 mining storage.\" AchievementKey=\"com.savysoda.pixelStarships.deepSpaceMiner2\"
        AchievementReward=\"10\" AchievementGoal=\"3\" AchievementType=\"Mining\"
        OrderIndex=\"100\" GuideType=\"UpgradeRoom\" GuideArgument=\"60\" MineralReward=\"0\"
        GasReward=\"0\" SpriteId=\"4524\" IsHidden=\"false\" RewardString=\"starbux:10\"
        DurationType=\"Permanent\" ParentAchievementDesignId=\"1\" RootAchievementDesignId=\"1\"
        /><AchievementDesign AchievementDesignId=\"3\" AchievementTitle=\"Deep Space
        Miner III\" AchievementDescription=\"Upgrade to a level 9 mining storage.\"
        AchievementKey=\"com.savysoda.pixelStarships.deepSpaceMiner3\" AchievementReward=\"20\"
        AchievementGoal=\"9\" AchievementType=\"Mining\" OrderIndex=\"100\" GuideType=\"UpgradeRoom\"
        GuideArgument=\"60\" MineralReward=\"0\" GasReward=\"0\" SpriteId=\"4524\"
        IsHidden=\"false\" RewardString=\"starbux:20\" DurationType=\"Permanent\"
        ParentAchievementDesignId=\"2\" RootAchievementDesignId=\"1\" /><AchievementDesign
        AchievementDesignId=\"4\" AchievementTitle=\"Starship Architect I\" AchievementDescription=\"Upgrade
        to a level 2 starship.\" AchievementKey=\"com.savysoda.pixelStarships.starshipArchitect1\"
        AchievementReward=\"10\" AchievementGoal=\"2\" AchievementType=\"Architect\"
        OrderIndex=\"2\" GuideType=\"None\" GuideArgument=\"0\" MineralReward=\"0\"
        GasReward=\"0\" SpriteId=\"4525\" IsHidden=\"false\" RewardString=\"starbux:10\"
        DurationType=\"Permanent\" ParentAchievementDesignId=\"0\" RootAchievementDesignId=\"4\"
        /><AchievementDesign AchievementDesignId=\"5\" AchievementTitle=\"Starship
        Architect II\" AchievementDescription=\"Upgrade to a level 5 starship.\" AchievementKey=\"com.savysoda.pixelStarships.starshipArchitect2\"
        AchievementReward=\"20\" AchievementGoal=\"5\" AchievementType=\"Architect\"
        OrderIndex=\"100\" GuideType=\"None\" GuideArgument=\"0\" MineralReward=\"0\"
        GasReward=\"0\" SpriteId=\"4525\" IsHidden=\"false\" RewardString=\"starbux:20\"
        DurationType=\"Permanent\" ParentAchievementDesignId=\"4\" RootAchievementDesignId=\"4\"
        /><AchievementDesign AchievementDesignId=\"6\" AchievementTitle=\"Starship
        Architect III\" AchievementDescription=\"Upgrade to a level 9 starship.\"
        AchievementKey=\"com.savysoda.pixelStarships.starshipArchitect3\" AchievementReward=\"50\"
        AchievementGoal=\"9\" AchievementType=\"Architect\" OrderIndex=\"100\" GuideType=\"None\"
        GuideArgument=\"0\" MineralReward=\"0\" GasReward=\"0\" SpriteId=\"4525\"
        IsHidden=\"false\" RewardString=\"starbux:50\" DurationType=\"Permanent\"
        ParentAchievementDesignId=\"5\" RootAchievementDesignId=\"4\" /><AchievementDesign
        AchievementDesignId=\"7\" AchievementTitle=\"Full House I\" AchievementDescription=\"Have
        two crews manning your vessel.\" AchievementKey=\"com.savysoda.pixelStarships.fullHouse1\"
        AchievementReward=\"5\" AchievementGoal=\"2\" AchievementType=\"Crew\" OrderIndex=\"0\"
        GuideType=\"None\" GuideArgument=\"0\" MineralReward=\"0\" GasReward=\"0\"
        SpriteId=\"4526\" IsHidden=\"false\" RewardString=\"starbux:5\" DurationType=\"Permanent\"
        ParentAchievementDesignId=\"0\" RootAchievementDesignId=\"7\" /><AchievementDesign
        AchievementDesignId=\"8\" AchievementTitle=\"Full House II\" AchievementDescription=\"Have
        five crews manning your vessel.\" AchievementKey=\"com.savysoda.pixelStarships.fullHouse2\"
        AchievementReward=\"10\" AchievementGoal=\"5\" AchievementType=\"Crew\" OrderIndex=\"100\"
        GuideType=\"None\" GuideArgument=\"0\" MineralReward=\"0\" GasReward=\"0\"
        SpriteId=\"4526\" IsHidden=\"false\" RewardString=\"starbux:10\" DurationType=\"Permanent\"
        ParentAchievementDesignId=\"7\" RootAchievementDesignId=\"7\" /><AchievementDesign
        AchievementDesignId=\"9\" AchievementTitle=\"Full House III\" AchievementDescription=\"Have
        12 crews manning your vessel.\" AchievementKey=\"com.savysoda.pixelStarships.fullHouse3\"
        AchievementReward=\"20\" AchievementGoal=\"12\" AchievementType=\"Crew\" OrderIndex=\"100\"
        GuideType=\"None\" GuideArgument=\"0\" MineralReward=\"0\" GasReward=\"0\"
        SpriteId=\"4526\" IsHidden=\"false\" RewardString=\"starbux:20\" DurationType=\"Permanent\"
        ParentAchievementDesignId=\"8\" RootAchievementDesignId=\"7\" /><AchievementDesign
        AchievementDesignId=\"10\" AchievementTitle=\"Assault I\" AchievementDescription=\"Win
        10 PVP Games.\" AchievementKey=\"com.savysoda.pixelStarships.raider1\" AchievementReward=\"25\"
        AchievementGoal=\"10\" AchievementType=\"Offence\" OrderIndex=\"8\" GuideType=\"PVP\"
        GuideArgument=\"0\" MineralReward=\"0\" GasReward=\"0\" SpriteId=\"4527\"
        IsHidden=\"false\" RewardString=\"starbux:25\" DurationType=\"Permanent\"
        ParentAchievementDesignId=\"0\" RootAchievementDesignId=\"10\" /><AchievementDesign
        AchievementDesignId=\"11\" AchievementTitle=\"Assault II\" AchievementDescription=\"Win
        200 PVP Games.\" AchievementKey=\"com.savysoda.pixelStarships.raider2\" AchievementReward=\"50\"
        AchievementGoal=\"200\" AchievementType=\"Offence\" OrderIndex=\"100\" GuideType=\"None\"
        GuideArgument=\"0\" MineralReward=\"0\" GasReward=\"0\" SpriteId=\"4527\"
        IsHidden=\"false\" RewardString=\"starbux:50\" DurationType=\"Permanent\"
        ParentAchievementDesignId=\"10\" RootAchievementDesignId=\"10\" /><AchievementDesign
        AchievementDesignId=\"12\" AchievementTitle=\"Assault III\" AchievementDescription=\"Win
        5000 PVP Games.\" AchievementKey=\"com.savysoda.pixelStarships.raider3\" AchievementReward=\"100\"
        AchievementGoal=\"5000\" AchievementType=\"Offence\" OrderIndex=\"100\" GuideType=\"None\"
        GuideArgument=\"0\" MineralReward=\"0\" GasReward=\"0\" SpriteId=\"4527\"
        IsHidden=\"false\" RewardString=\"starbux:100\" DurationType=\"Permanent\"
        ParentAchievementDesignId=\"11\" RootAchievementDesignId=\"10\" /><AchievementDesign
        AchievementDesignId=\"13\" AchievementTitle=\"Defender I\" AchievementDescription=\"Defend
        against 10 PVP attacks.\" AchievementKey=\"com.savysoda.pixelStarships.defender1\"
        AchievementReward=\"25\" AchievementGoal=\"10\" AchievementType=\"Defence\"
        OrderIndex=\"100\" GuideType=\"None\" GuideArgument=\"0\" MineralReward=\"0\"
        GasReward=\"0\" SpriteId=\"4528\" IsHidden=\"false\" RewardString=\"starbux:25\"
        DurationType=\"Permanent\" ParentAchievementDesignId=\"0\" RootAchievementDesignId=\"13\"
        /><AchievementDesign AchievementDesignId=\"14\" AchievementTitle=\"Defender
        II\" AchievementDescription=\"Defend against 200 PVP attacks.\" AchievementKey=\"com.savysoda.pixelStarships.defender2\"
        AchievementReward=\"50\" AchievementGoal=\"200\" AchievementType=\"Defence\"
        OrderIndex=\"100\" GuideType=\"None\" GuideArgument=\"0\" MineralReward=\"0\"
        GasReward=\"0\" SpriteId=\"4528\" IsHidden=\"false\" RewardString=\"starbux:50\"
        DurationType=\"Permanent\" ParentAchievementDesignId=\"13\" RootAchievementDesignId=\"13\"
        /><AchievementDesign AchievementDesignId=\"15\" AchievementTitle=\"Defender
        III\" AchievementDescription=\"Defend against 2000 PVP attacks.\" AchievementKey=\"com.savysoda.pixelStarships.defender3\"
        AchievementReward=\"100\" AchievementGoal=\"2000\" AchievementType=\"Defence\"
        OrderIndex=\"100\" GuideType=\"None\" GuideArgument=\"0\" MineralReward=\"0\"
        GasReward=\"0\" SpriteId=\"4528\" IsHidden=\"false\" RewardString=\"starbux:100\"
        DurationType=\"Permanent\" ParentAchievementDesignId=\"14\" RootAchievementDesignId=\"13\"
        /><AchievementDesign AchievementDesignId=\"16\" AchievementTitle=\"Alliance
        I\" AchievementDescription=\"Create or join an alliance.\" AchievementKey=\"com.savysoda.pixelStarships.alliance1\"
        AchievementReward=\"50\" AchievementGoal=\"1\" AchievementType=\"Alliance\"
        OrderIndex=\"100\" GuideType=\"None\" GuideArgument=\"0\" MineralReward=\"0\"
        GasReward=\"0\" SpriteId=\"4529\" IsHidden=\"false\" RewardString=\"starbux:50\"
        DurationType=\"Permanent\" ParentAchievementDesignId=\"0\" RootAchievementDesignId=\"16\"
        /><AchievementDesign AchievementDesignId=\"17\" AchievementTitle=\"Alliance
        II\" AchievementDescription=\"Donate 500 Crew Stars.\" AchievementKey=\"com.savysoda.pixelStarships.alliance2\"
        AchievementReward=\"75\" AchievementGoal=\"500\" AchievementType=\"Alliance\"
        OrderIndex=\"100\" GuideType=\"None\" GuideArgument=\"0\" MineralReward=\"0\"
        GasReward=\"0\" SpriteId=\"4529\" IsHidden=\"false\" RewardString=\"starbux:75\"
        DurationType=\"Permanent\" ParentAchievementDesignId=\"16\" RootAchievementDesignId=\"16\"
        /><AchievementDesign AchievementDesignId=\"18\" AchievementTitle=\"Alliance
        III\" AchievementDescription=\"Donate 5000 Crew Stars.\" AchievementKey=\"com.savysoda.pixelStarships.alliance3\"
        AchievementReward=\"100\" AchievementGoal=\"5000\" AchievementType=\"Alliance\"
        OrderIndex=\"100\" GuideType=\"None\" GuideArgument=\"0\" MineralReward=\"0\"
        GasReward=\"0\" SpriteId=\"4529\" IsHidden=\"false\" RewardString=\"starbux:100\"
        DurationType=\"Permanent\" ParentAchievementDesignId=\"17\" RootAchievementDesignId=\"16\"
        /><AchievementDesign AchievementDesignId=\"19\" AchievementTitle=\"Premier
        League I\" AchievementDescription=\"Get to Gold League.\" AchievementKey=\"com.savysoda.pixelStarships.premierLeague1\"
        AchievementReward=\"10\" AchievementGoal=\"1400\" AchievementType=\"League\"
        OrderIndex=\"100\" GuideType=\"None\" GuideArgument=\"0\" MineralReward=\"0\"
        GasReward=\"0\" SpriteId=\"4616\" IsHidden=\"false\" RewardString=\"starbux:10\"
        DurationType=\"Permanent\" ParentAchievementDesignId=\"0\" RootAchievementDesignId=\"19\"
        /><AchievementDesign AchievementDesignId=\"20\" AchievementTitle=\"Premier
        League II\" AchievementDescription=\"Get to the Platinum League.\" AchievementKey=\"com.savysoda.pixelStarships.premierLeague2\"
        AchievementReward=\"20\" AchievementGoal=\"2000\" AchievementType=\"League\"
        OrderIndex=\"100\" GuideType=\"None\" GuideArgument=\"0\" MineralReward=\"0\"
        GasReward=\"0\" SpriteId=\"4616\" IsHidden=\"false\" RewardString=\"starbux:20\"
        DurationType=\"Permanent\" ParentAchievementDesignId=\"19\" RootAchievementDesignId=\"19\"
        /><AchievementDesign AchievementDesignId=\"21\" AchievementTitle=\"Premier
        League III\" AchievementDescription=\"Get to the Epic League.\" AchievementKey=\"com.savysoda.pixelStarships.premierLeague3\"
        AchievementReward=\"50\" AchievementGoal=\"3200\" AchievementType=\"League\"
        OrderIndex=\"100\" GuideType=\"None\" GuideArgument=\"1\" MineralReward=\"0\"
        GasReward=\"0\" SpriteId=\"4616\" IsHidden=\"false\" RewardString=\"starbux:50\"
        DurationType=\"Permanent\" ParentAchievementDesignId=\"20\" RootAchievementDesignId=\"19\"
        /><AchievementDesign AchievementDesignId=\"22\" AchievementTitle=\"Basic Economy
        I\" AchievementDescription=\"Build a gas storage facility.\" AchievementKey=\"com.savysoda.pixelStarships.economy1\"
        AchievementReward=\"0\" AchievementGoal=\"1\" AchievementType=\"Economy\"
        OrderIndex=\"1\" GuideType=\"BuyRoom\" GuideArgument=\"62\" MineralReward=\"0\"
        GasReward=\"200\" SpriteId=\"4530\" IsHidden=\"false\" RewardString=\"gas:200\"
        DurationType=\"Permanent\" ParentAchievementDesignId=\"0\" RootAchievementDesignId=\"22\"
        /><AchievementDesign AchievementDesignId=\"24\" AchievementTitle=\"Basic Economy
        II\" AchievementDescription=\"Build a Gas Collector.\" AchievementKey=\"com.savysoda.pixelStarships.economy2\"
        AchievementReward=\"0\" AchievementGoal=\"1\" AchievementType=\"Economy\"
        OrderIndex=\"4\" GuideType=\"BuyRoom\" GuideArgument=\"42\" MineralReward=\"500\"
        GasReward=\"0\" SpriteId=\"4530\" IsHidden=\"false\" RewardString=\"mineral:500\"
        DurationType=\"Permanent\" ParentAchievementDesignId=\"22\" RootAchievementDesignId=\"22\"
        /><AchievementDesign AchievementDesignId=\"25\" AchievementTitle=\"Basic Economy
        III\" AchievementDescription=\"Upgrade to a level 2 Gas Collector.\" AchievementKey=\"com.savysoda.pixelStarships.economy3\"
        AchievementReward=\"0\" AchievementGoal=\"2\" AchievementType=\"Economy\"
        OrderIndex=\"9\" GuideType=\"UpgradeRoom\" GuideArgument=\"42\" MineralReward=\"500\"
        GasReward=\"0\" SpriteId=\"4530\" IsHidden=\"false\" RewardString=\"mineral:500\"
        DurationType=\"Permanent\" ParentAchievementDesignId=\"24\" RootAchievementDesignId=\"22\"
        /><AchievementDesign AchievementDesignId=\"26\" AchievementTitle=\"Driller
        I\" AchievementDescription=\"Build a mining facility.\" AchievementKey=\"com.savysoda.pixelStarships.digger1\"
        AchievementReward=\"0\" AchievementGoal=\"1\" AchievementType=\"Driller\"
        OrderIndex=\"2\" GuideType=\"BuyRoom\" GuideArgument=\"26\" MineralReward=\"0\"
        GasReward=\"500\" SpriteId=\"4531\" IsHidden=\"false\" RewardString=\"gas:500\"
        DurationType=\"Permanent\" ParentAchievementDesignId=\"0\" RootAchievementDesignId=\"26\"
        /><AchievementDesign AchievementDesignId=\"27\" AchievementTitle=\"Driller
        II\" AchievementDescription=\"Upgrade to a level 2 Mining Facility.\" AchievementKey=\"com.savysoda.pixelStarships.digger2\"
        AchievementReward=\"0\" AchievementGoal=\"2\" AchievementType=\"Driller\"
        OrderIndex=\"5\" GuideType=\"UpgradeRoom\" GuideArgument=\"26\" MineralReward=\"0\"
        GasReward=\"300\" SpriteId=\"4531\" IsHidden=\"false\" RewardString=\"gas:300\"
        DurationType=\"Permanent\" ParentAchievementDesignId=\"26\" RootAchievementDesignId=\"26\"
        /><AchievementDesign AchievementDesignId=\"28\" AchievementTitle=\"Driller
        III\" AchievementDescription=\"Upgrade to a level 3 Mining Facility.\" AchievementKey=\"com.savysoda.pixelStarships.digger3\"
        AchievementReward=\"0\" AchievementGoal=\"3\" AchievementType=\"Driller\"
        OrderIndex=\"10\" GuideType=\"UpgradeRoom\" GuideArgument=\"26\" MineralReward=\"0\"
        GasReward=\"500\" SpriteId=\"4531\" IsHidden=\"false\" RewardString=\"gas:500\"
        DurationType=\"Permanent\" ParentAchievementDesignId=\"27\" RootAchievementDesignId=\"26\"
        /><AchievementDesign AchievementDesignId=\"29\" AchievementTitle=\"Admiral
        I\" AchievementDescription=\"Unlock 10 different crews.\" AchievementKey=\"com.savysoda.pixelStarships.admiral1\"
        AchievementReward=\"20\" AchievementGoal=\"10\" AchievementType=\"Admiral\"
        OrderIndex=\"100\" GuideType=\"None\" GuideArgument=\"0\" MineralReward=\"0\"
        GasReward=\"0\" SpriteId=\"4536\" IsHidden=\"false\" RewardString=\"starbux:20\"
        DurationType=\"Permanent\" ParentAchievementDesignId=\"0\" RootAchievementDesignId=\"29\"
        /><AchievementDesign AchievementDesignId=\"34\" AchievementTitle=\"Admiral
        II\" AchievementDescription=\"Unlock 25 different crews.\" AchievementKey=\"com.savysoda.pixelStarships.admiral2\"
        AchievementReward=\"50\" AchievementGoal=\"25\" AchievementType=\"Admiral\"
        OrderIndex=\"100\" GuideType=\"None\" GuideArgument=\"0\" MineralReward=\"0\"
        GasReward=\"0\" SpriteId=\"4536\" IsHidden=\"false\" RewardString=\"starbux:50\"
        DurationType=\"Permanent\" ParentAchievementDesignId=\"29\" RootAchievementDesignId=\"29\"
        /><AchievementDesign AchievementDesignId=\"35\" AchievementTitle=\"Admiral
        III\" AchievementDescription=\"Unlock 100 different crews.\" AchievementKey=\"com.savysoda.pixelStarships.admiral3\"
        AchievementReward=\"200\" AchievementGoal=\"100\" AchievementType=\"Admiral\"
        OrderIndex=\"100\" GuideType=\"None\" GuideArgument=\"0\" MineralReward=\"0\"
        GasReward=\"0\" SpriteId=\"4536\" IsHidden=\"false\" RewardString=\"starbux:200\"
        DurationType=\"Permanent\" ParentAchievementDesignId=\"34\" RootAchievementDesignId=\"29\"
        /><AchievementDesign AchievementDesignId=\"36\" AchievementTitle=\"Pirate
        Guild\" AchievementDescription=\"Join the pirate guild and profit from the
        ill prepared.\" AchievementKey=\"com.savysoda.pixelStarships.pirate\" AchievementReward=\"10\"
        AchievementGoal=\"1\" AchievementType=\"Faction\" OrderIndex=\"100\" GuideType=\"None\"
        GuideArgument=\"0\" MineralReward=\"0\" GasReward=\"0\" SpriteId=\"653\" IsHidden=\"true\"
        RewardString=\"starbux:10\" DurationType=\"Permanent\" ParentAchievementDesignId=\"0\"
        RootAchievementDesignId=\"36\" /><AchievementDesign AchievementDesignId=\"38\"
        AchievementTitle=\"Federation Member\" AchievementDescription=\"Join the federation
        and maintain peace in the galaxy.\" AchievementKey=\"com.savysoda.pixelStarships.federation\"
        AchievementReward=\"10\" AchievementGoal=\"2\" AchievementType=\"Faction\"
        OrderIndex=\"100\" GuideType=\"None\" GuideArgument=\"0\" MineralReward=\"0\"
        GasReward=\"0\" SpriteId=\"654\" IsHidden=\"true\" RewardString=\"starbux:10\"
        DurationType=\"Permanent\" ParentAchievementDesignId=\"0\" RootAchievementDesignId=\"38\"
        /><AchievementDesign AchievementDesignId=\"39\" AchievementTitle=\"Qtarian
        Constituent\" AchievementDescription=\"Join the Qtarian in to collect valuable
        resources across the Galaxy.\" AchievementKey=\"com.savysoda.pixelStarships.qtarian\"
        AchievementReward=\"10\" AchievementGoal=\"3\" AchievementType=\"Faction\"
        OrderIndex=\"100\" GuideType=\"None\" GuideArgument=\"0\" MineralReward=\"0\"
        GasReward=\"0\" SpriteId=\"655\" IsHidden=\"true\" RewardString=\"starbux:10\"
        DurationType=\"Permanent\" ParentAchievementDesignId=\"0\" RootAchievementDesignId=\"39\"
        /><AchievementDesign AchievementDesignId=\"40\" AchievementTitle=\"VIP\" AchievementDescription=\"Get
        to the Top 100.\" AchievementKey=\"com.savysoda.pixelStarships.top100\" AchievementReward=\"500\"
        AchievementGoal=\"100\" AchievementType=\"Rank\" OrderIndex=\"100\" GuideType=\"None\"
        GuideArgument=\"0\" MineralReward=\"0\" GasReward=\"0\" SpriteId=\"2428\"
        IsHidden=\"true\" RewardString=\"starbux:500\" DurationType=\"Permanent\"
        ParentAchievementDesignId=\"0\" RootAchievementDesignId=\"40\" /><AchievementDesign
        AchievementDesignId=\"41\" AchievementTitle=\"A List\" AchievementDescription=\"Rank
        in the Top 1000.\" AchievementKey=\"com.savysoda.pixelStarships.top1000\"
        AchievementReward=\"200\" AchievementGoal=\"1000\" AchievementType=\"Rank\"
        OrderIndex=\"100\" GuideType=\"None\" GuideArgument=\"0\" MineralReward=\"0\"
        GasReward=\"0\" SpriteId=\"4660\" IsHidden=\"true\" RewardString=\"starbux:200\"
        DurationType=\"Permanent\" ParentAchievementDesignId=\"0\" RootAchievementDesignId=\"41\"
        /><AchievementDesign AchievementDesignId=\"42\" AchievementTitle=\"Upcoming
        Talent\" AchievementDescription=\"Rank in the top 20k.\" AchievementKey=\"com.savysoda.pixelStarships.top20000\"
        AchievementReward=\"100\" AchievementGoal=\"20000\" AchievementType=\"Rank\"
        OrderIndex=\"100\" GuideType=\"None\" GuideArgument=\"0\" MineralReward=\"0\"
        GasReward=\"0\" SpriteId=\"4661\" IsHidden=\"true\" RewardString=\"starbux:100\"
        DurationType=\"Permanent\" ParentAchievementDesignId=\"0\" RootAchievementDesignId=\"42\"
        /><AchievementDesign AchievementDesignId=\"43\" AchievementTitle=\"AI Professional\"
        AchievementDescription=\"Rank in a Live AI Event.\" AchievementKey=\"com.savysoda.pixelStarships.aiExpert\"
        AchievementReward=\"250\" AchievementGoal=\"1\" AchievementType=\"Challenge\"
        OrderIndex=\"100\" GuideType=\"None\" GuideArgument=\"0\" MineralReward=\"0\"
        GasReward=\"0\" SpriteId=\"5032\" IsHidden=\"true\" RewardString=\"starbux:250\"
        DurationType=\"Permanent\" ParentAchievementDesignId=\"0\" RootAchievementDesignId=\"43\"
        /><AchievementDesign AchievementDesignId=\"44\" AchievementTitle=\"Valedictorian\"
        AchievementDescription=\"Rank in a Crew Live Event.\" AchievementKey=\"com.savysoda.pixelStarships.valedictorian1\"
        AchievementReward=\"200\" AchievementGoal=\"1\" AchievementType=\"Challenge\"
        OrderIndex=\"100\" GuideType=\"None\" GuideArgument=\"0\" MineralReward=\"0\"
        GasReward=\"0\" SpriteId=\"5059\" IsHidden=\"true\" RewardString=\"starbux:200\"
        DurationType=\"Permanent\" ParentAchievementDesignId=\"0\" RootAchievementDesignId=\"44\"
        /><AchievementDesign AchievementDesignId=\"45\" AchievementTitle=\"Hustler\"
        AchievementDescription=\"Rank in a Budget Live Event.\" AchievementKey=\"com.savysoda.pixelStarships.hustler1\"
        AchievementReward=\"100\" AchievementGoal=\"1\" AchievementType=\"Challenge\"
        OrderIndex=\"100\" GuideType=\"None\" GuideArgument=\"0\" MineralReward=\"0\"
        GasReward=\"0\" SpriteId=\"5201\" IsHidden=\"true\" RewardString=\"starbux:100\"
        DurationType=\"Permanent\" ParentAchievementDesignId=\"0\" RootAchievementDesignId=\"45\"
        /><AchievementDesign AchievementDesignId=\"46\" AchievementTitle=\"Phone\"
        AchievementDescription=\"Rank in a New Device Special Event.\" AchievementKey=\"com.savysoda.pixelStarships.phone1\"
        AchievementReward=\"250\" AchievementGoal=\"1\" AchievementType=\"Challenge\"
        OrderIndex=\"100\" GuideType=\"None\" GuideArgument=\"0\" MineralReward=\"0\"
        GasReward=\"0\" SpriteId=\"5710\" IsHidden=\"true\" RewardString=\"starbux:250\"
        DurationType=\"Permanent\" ParentAchievementDesignId=\"0\" RootAchievementDesignId=\"46\"
        /><AchievementDesign AchievementDesignId=\"47\" AchievementTitle=\"Zombie\"
        AchievementDescription=\"Rank in a Halloween Special Event.\" AchievementKey=\"com.savysoda.pixelStarships.halloween\"
        AchievementReward=\"250\" AchievementGoal=\"1\" AchievementType=\"Challenge\"
        OrderIndex=\"100\" GuideType=\"None\" GuideArgument=\"0\" MineralReward=\"0\"
        GasReward=\"0\" SpriteId=\"3204\" IsHidden=\"true\" RewardString=\"starbux:250\"
        DurationType=\"Permanent\" ParentAchievementDesignId=\"0\" RootAchievementDesignId=\"46\"
        /><AchievementDesign AchievementDesignId=\"48\" AchievementTitle=\"Sponsor
        I\" AchievementDescription=\"Donate 5k of supply or equivalent amount to your
        Fleet.\" AchievementKey=\"com.savysoda.pixelStarships.sponsor1\" AchievementReward=\"20\"
        AchievementGoal=\"5000\" AchievementType=\"SupplyDonation\" OrderIndex=\"100\"
        GuideType=\"None\" GuideArgument=\"0\" MineralReward=\"0\" GasReward=\"0\"
        SpriteId=\"7402\" IsHidden=\"false\" RewardString=\"starbux:20\" DurationType=\"Permanent\"
        ParentAchievementDesignId=\"0\" RootAchievementDesignId=\"48\" /><AchievementDesign
        AchievementDesignId=\"49\" AchievementTitle=\"Sponsor II\" AchievementDescription=\"Donate
        50k of supply or equivalent amount to your Fleet.\" AchievementKey=\"com.savysoda.pixelStarships.sponsor2\"
        AchievementReward=\"50\" AchievementGoal=\"50000\" AchievementType=\"SupplyDonation\"
        OrderIndex=\"100\" GuideType=\"None\" GuideArgument=\"0\" MineralReward=\"0\"
        GasReward=\"0\" SpriteId=\"7402\" IsHidden=\"false\" RewardString=\"starbux:50\"
        DurationType=\"Permanent\" ParentAchievementDesignId=\"48\" RootAchievementDesignId=\"48\"
        /><AchievementDesign AchievementDesignId=\"50\" AchievementTitle=\"Sponsor
        III\" AchievementDescription=\"Donate 1M of supply or equivalent amount to
        your Fleet.\" AchievementKey=\"com.savysoda.pixelStarships.sponsor3\" AchievementReward=\"200\"
        AchievementGoal=\"1000000\" AchievementType=\"SupplyDonation\" OrderIndex=\"100\"
        GuideType=\"None\" GuideArgument=\"0\" MineralReward=\"0\" GasReward=\"0\"
        SpriteId=\"7402\" IsHidden=\"false\" RewardString=\"starbux:200\" DurationType=\"Permanent\"
        ParentAchievementDesignId=\"49\" RootAchievementDesignId=\"48\" /><AchievementDesign
        AchievementDesignId=\"53\" AchievementTitle=\"Starbase Raider I\" AchievementDescription=\"Successfully
        raid Starbases and loot 10K of supply for your Fleet.\" AchievementKey=\"com.savysoda.pixelStarships.baseRaider1\"
        AchievementReward=\"50\" AchievementGoal=\"10000\" AchievementType=\"SupplyLoot\"
        OrderIndex=\"101\" GuideType=\"None\" GuideArgument=\"0\" MineralReward=\"0\"
        GasReward=\"0\" SpriteId=\"7404\" IsHidden=\"false\" RewardString=\"starbux:50\"
        DurationType=\"Permanent\" ParentAchievementDesignId=\"0\" RootAchievementDesignId=\"53\"
        /><AchievementDesign AchievementDesignId=\"54\" AchievementTitle=\"Starbase
        Raider II\" AchievementDescription=\"Successfully raid Starbases and loot
        100K of supply for your Fleet.\" AchievementKey=\"com.savysoda.pixelStarships.baseRaider2\"
        AchievementReward=\"100\" AchievementGoal=\"100000\" AchievementType=\"SupplyLoot\"
        OrderIndex=\"101\" GuideType=\"None\" GuideArgument=\"0\" MineralReward=\"0\"
        GasReward=\"0\" SpriteId=\"7404\" IsHidden=\"false\" RewardString=\"starbux:100\"
        DurationType=\"Permanent\" ParentAchievementDesignId=\"53\" RootAchievementDesignId=\"53\"
        /><AchievementDesign AchievementDesignId=\"55\" AchievementTitle=\"Starbase
        Raider III\" AchievementDescription=\"Successfully raid Starbases and loot
        2M of supply for your Fleet.\" AchievementKey=\"com.savysoda.pixelStarships.baseRaider3\"
        AchievementReward=\"150\" AchievementGoal=\"2000000\" AchievementType=\"SupplyLoot\"
        OrderIndex=\"101\" GuideType=\"None\" GuideArgument=\"0\" MineralReward=\"0\"
        GasReward=\"0\" SpriteId=\"7404\" IsHidden=\"false\" RewardString=\"starbux:150\"
        DurationType=\"Permanent\" ParentAchievementDesignId=\"54\" RootAchievementDesignId=\"53\"
        /><AchievementDesign AchievementDesignId=\"56\" AchievementTitle=\"Turkey\"
        AchievementDescription=\"Win in a Thanksgiving Special Event.\" AchievementKey=\"com.savysoda.pixelStarships.thanksgiving\"
        AchievementReward=\"100\" AchievementGoal=\"1\" AchievementType=\"Challenge\"
        OrderIndex=\"100\" GuideType=\"None\" GuideArgument=\"0\" MineralReward=\"0\"
        GasReward=\"0\" SpriteId=\"7458\" IsHidden=\"true\" RewardString=\"starbux:100\"
        DurationType=\"Permanent\" ParentAchievementDesignId=\"0\" RootAchievementDesignId=\"56\"
        /><AchievementDesign AchievementDesignId=\"57\" AchievementTitle=\"Backer\"
        AchievementDescription=\"A nice little golden pin for our Backer and Late
        Backers.\" AchievementKey=\"com.savysoda.pixelStarships.backer\" AchievementReward=\"50\"
        AchievementGoal=\"1\" AchievementType=\"Challenge\" OrderIndex=\"100\" GuideType=\"None\"
        GuideArgument=\"0\" MineralReward=\"0\" GasReward=\"0\" SpriteId=\"5571\"
        IsHidden=\"true\" RewardString=\"starbux:50\" DurationType=\"Permanent\" ParentAchievementDesignId=\"0\"
        RootAchievementDesignId=\"57\" /><AchievementDesign AchievementDesignId=\"58\"
        AchievementTitle=\"Elfy\" AchievementDescription=\"Win in a elf special event.\"
        AchievementKey=\"com.savysoda.pixelStarships.elfy\" AchievementReward=\"100\"
        AchievementGoal=\"1\" AchievementType=\"Challenge\" OrderIndex=\"100\" GuideType=\"None\"
        GuideArgument=\"0\" MineralReward=\"0\" GasReward=\"0\" SpriteId=\"7667\"
        IsHidden=\"true\" RewardString=\"starbux:100\" DurationType=\"Permanent\"
        ParentAchievementDesignId=\"0\" RootAchievementDesignId=\"56\" /><AchievementDesign
        AchievementDesignId=\"59\" AchievementTitle=\"Santa\" AchievementDescription=\"Win
        in a Christmas event!\" AchievementKey=\"com.savysoda.pixelStarships.santa\"
        AchievementReward=\"100\" AchievementGoal=\"1\" AchievementType=\"Challenge\"
        OrderIndex=\"100\" GuideType=\"None\" GuideArgument=\"0\" MineralReward=\"0\"
        GasReward=\"0\" SpriteId=\"7666\" IsHidden=\"true\" RewardString=\"starbux:100\"
        DurationType=\"Permanent\" ParentAchievementDesignId=\"0\" RootAchievementDesignId=\"56\"
        /><AchievementDesign AchievementDesignId=\"60\" AchievementTitle=\"Synth\"
        AchievementDescription=\"Win in an Android event!\" AchievementKey=\"com.savysoda.pixelStarships.synth1\"
        AchievementReward=\"100\" AchievementGoal=\"1\" AchievementType=\"Challenge\"
        OrderIndex=\"100\" GuideType=\"None\" GuideArgument=\"0\" MineralReward=\"0\"
        GasReward=\"0\" SpriteId=\"10391\" IsHidden=\"true\" RewardString=\"starbux:100\"
        DurationType=\"Permanent\" ParentAchievementDesignId=\"0\" RootAchievementDesignId=\"56\"
        /><AchievementDesign AchievementDesignId=\"61\" AchievementTitle=\"Gong Xi
        Fa Cai\" AchievementDescription=\"Rank in a Lunar New Year Special Event.\"
        AchievementKey=\"com.savysoda.pixelStarships.cny1\" AchievementReward=\"150\"
        AchievementGoal=\"1\" AchievementType=\"Challenge\" OrderIndex=\"100\" GuideType=\"None\"
        GuideArgument=\"0\" MineralReward=\"0\" GasReward=\"0\" SpriteId=\"5388\"
        IsHidden=\"true\" RewardString=\"starbux:150\" DurationType=\"Permanent\"
        ParentAchievementDesignId=\"0\" RootAchievementDesignId=\"46\" /><AchievementDesign
        AchievementDesignId=\"62\" AchievementTitle=\"Jersey\" AchievementDescription=\"A
        Pre Season warm up AI Event with his Airness.\" AchievementKey=\"com.savysoda.pixelStarships.preseason1\"
        AchievementReward=\"100\" AchievementGoal=\"1\" AchievementType=\"Challenge\"
        OrderIndex=\"100\" GuideType=\"None\" GuideArgument=\"0\" MineralReward=\"0\"
        GasReward=\"0\" SpriteId=\"2964\" IsHidden=\"true\" RewardString=\"starbux:100\"
        DurationType=\"Permanent\" ParentAchievementDesignId=\"0\" RootAchievementDesignId=\"56\"
        /><AchievementDesign AchievementDesignId=\"63\" AchievementTitle=\"First Place\"
        AchievementDescription=\"Get First Place in a Monthly Tournament.\" AchievementKey=\"com.savysoda.pixelStarships.firstPlace\"
        AchievementReward=\"0\" AchievementGoal=\"1\" AchievementType=\"Tournament\"
        OrderIndex=\"200\" GuideType=\"None\" GuideArgument=\"0\" MineralReward=\"0\"
        GasReward=\"0\" SpriteId=\"8249\" IsHidden=\"true\" RewardString=\"\" DurationType=\"Monthly\"
        ParentAchievementDesignId=\"0\" RootAchievementDesignId=\"63\" /><AchievementDesign
        AchievementDesignId=\"64\" AchievementTitle=\"Second Place\" AchievementDescription=\"Get
        Second Place in a Monthly Tournament.\" AchievementKey=\"com.savysoda.pixelStarships.secondPlace\"
        AchievementReward=\"0\" AchievementGoal=\"1\" AchievementType=\"Tournament\"
        OrderIndex=\"200\" GuideType=\"None\" GuideArgument=\"0\" MineralReward=\"0\"
        GasReward=\"0\" SpriteId=\"8250\" IsHidden=\"true\" RewardString=\"\" DurationType=\"Monthly\"
        ParentAchievementDesignId=\"0\" RootAchievementDesignId=\"64\" /><AchievementDesign
        AchievementDesignId=\"65\" AchievementTitle=\"Third Place\" AchievementDescription=\"Get
        Third Place in a Monthly Tournament.\" AchievementKey=\"com.savysoda.pixelStarships.thirdPlace\"
        AchievementReward=\"0\" AchievementGoal=\"1\" AchievementType=\"Tournament\"
        OrderIndex=\"200\" GuideType=\"None\" GuideArgument=\"0\" MineralReward=\"0\"
        GasReward=\"0\" SpriteId=\"8251\" IsHidden=\"true\" RewardString=\"\" DurationType=\"Monthly\"
        ParentAchievementDesignId=\"0\" RootAchievementDesignId=\"65\" /><AchievementDesign
        AchievementDesignId=\"66\" AchievementTitle=\"Division A Gold\" AchievementDescription=\"First
        place in Monthly Tournament - Division A.\" AchievementKey=\"com.savysoda.pixelStarships.divisionAGold\"
        AchievementReward=\"0\" AchievementGoal=\"1\" AchievementType=\"Tournament\"
        OrderIndex=\"200\" GuideType=\"None\" GuideArgument=\"0\" MineralReward=\"0\"
        GasReward=\"0\" SpriteId=\"8230\" IsHidden=\"true\" RewardString=\"\" DurationType=\"Monthly\"
        ParentAchievementDesignId=\"0\" RootAchievementDesignId=\"66\" /><AchievementDesign
        AchievementDesignId=\"67\" AchievementTitle=\"Division A Silver\" AchievementDescription=\"Second
        Place in Monthly Tournament: Division A.\" AchievementKey=\"com.savysoda.pixelStarships.divisionASilver\"
        AchievementReward=\"0\" AchievementGoal=\"1\" AchievementType=\"Tournament\"
        OrderIndex=\"200\" GuideType=\"None\" GuideArgument=\"0\" MineralReward=\"0\"
        GasReward=\"0\" SpriteId=\"8231\" IsHidden=\"true\" RewardString=\"\" DurationType=\"Monthly\"
        ParentAchievementDesignId=\"0\" RootAchievementDesignId=\"67\" /><AchievementDesign
        AchievementDesignId=\"68\" AchievementTitle=\"Division A Bronze\" AchievementDescription=\"Third
        Place in Monthly Tournament: Division A.\" AchievementKey=\"com.savysoda.pixelStarships.divisionABronze\"
        AchievementReward=\"0\" AchievementGoal=\"1\" AchievementType=\"Tournament\"
        OrderIndex=\"200\" GuideType=\"None\" GuideArgument=\"0\" MineralReward=\"0\"
        GasReward=\"0\" SpriteId=\"8232\" IsHidden=\"true\" RewardString=\"\" DurationType=\"Monthly\"
        ParentAchievementDesignId=\"0\" RootAchievementDesignId=\"68\" /><AchievementDesign
        AchievementDesignId=\"69\" AchievementTitle=\"Division B Gold\" AchievementDescription=\"First
        place in Monthly Tournament - Division B.\" AchievementKey=\"com.savysoda.pixelStarships.divisionBGold\"
        AchievementReward=\"0\" AchievementGoal=\"1\" AchievementType=\"Tournament\"
        OrderIndex=\"200\" GuideType=\"None\" GuideArgument=\"0\" MineralReward=\"0\"
        GasReward=\"0\" SpriteId=\"8233\" IsHidden=\"true\" RewardString=\"\" DurationType=\"Monthly\"
        ParentAchievementDesignId=\"0\" RootAchievementDesignId=\"69\" /><AchievementDesign
        AchievementDesignId=\"70\" AchievementTitle=\"Division B Silver\" AchievementDescription=\"Second
        Place in Monthly Tournament: Division B.\" AchievementKey=\"com.savysoda.pixelStarships.divisionBSilver\"
        AchievementReward=\"0\" AchievementGoal=\"1\" AchievementType=\"Tournament\"
        OrderIndex=\"200\" GuideType=\"None\" GuideArgument=\"0\" MineralReward=\"0\"
        GasReward=\"0\" SpriteId=\"8234\" IsHidden=\"true\" RewardString=\"\" DurationType=\"Monthly\"
        ParentAchievementDesignId=\"0\" RootAchievementDesignId=\"70\" /><AchievementDesign
        AchievementDesignId=\"71\" AchievementTitle=\"Division B Bronze\" AchievementDescription=\"Third
        Place in Monthly Tournament: Division B.\" AchievementKey=\"com.savysoda.pixelStarships.divisionBBronze\"
        AchievementReward=\"0\" AchievementGoal=\"1\" AchievementType=\"Tournament\"
        OrderIndex=\"200\" GuideType=\"None\" GuideArgument=\"0\" MineralReward=\"0\"
        GasReward=\"0\" SpriteId=\"8235\" IsHidden=\"true\" RewardString=\"\" DurationType=\"Monthly\"
        ParentAchievementDesignId=\"0\" RootAchievementDesignId=\"71\" /><AchievementDesign
        AchievementDesignId=\"72\" AchievementTitle=\"Division C Gold\" AchievementDescription=\"First
        place in Monthly Tournament - Division C.\" AchievementKey=\"com.savysoda.pixelStarships.divisionCGold\"
        AchievementReward=\"0\" AchievementGoal=\"1\" AchievementType=\"Tournament\"
        OrderIndex=\"200\" GuideType=\"None\" GuideArgument=\"0\" MineralReward=\"0\"
        GasReward=\"0\" SpriteId=\"8236\" IsHidden=\"true\" RewardString=\"\" DurationType=\"Monthly\"
        ParentAchievementDesignId=\"0\" RootAchievementDesignId=\"72\" /><AchievementDesign
        AchievementDesignId=\"73\" AchievementTitle=\"Division C Silver\" AchievementDescription=\"Second
        Place in Monthly Tournament: Division C.\" AchievementKey=\"com.savysoda.pixelStarships.divisionCSilver\"
        AchievementReward=\"0\" AchievementGoal=\"1\" AchievementType=\"Tournament\"
        OrderIndex=\"200\" GuideType=\"None\" GuideArgument=\"0\" MineralReward=\"0\"
        GasReward=\"0\" SpriteId=\"8237\" IsHidden=\"true\" RewardString=\"\" DurationType=\"Monthly\"
        ParentAchievementDesignId=\"0\" RootAchievementDesignId=\"73\" /><AchievementDesign
        AchievementDesignId=\"74\" AchievementTitle=\"Division C Bronze\" AchievementDescription=\"Third
        Place in Monthly Tournament: Division C.\" AchievementKey=\"com.savysoda.pixelStarships.divisionCBronze\"
        AchievementReward=\"0\" AchievementGoal=\"1\" AchievementType=\"Tournament\"
        OrderIndex=\"200\" GuideType=\"None\" GuideArgument=\"0\" MineralReward=\"0\"
        GasReward=\"0\" SpriteId=\"8238\" IsHidden=\"true\" RewardString=\"\" DurationType=\"Monthly\"
        ParentAchievementDesignId=\"0\" RootAchievementDesignId=\"74\" /><AchievementDesign
        AchievementDesignId=\"75\" AchievementTitle=\"Division D Gold\" AchievementDescription=\"First
        place in Monthly Tournament - Division D.\" AchievementKey=\"com.savysoda.pixelStarships.divisionDGold\"
        AchievementReward=\"0\" AchievementGoal=\"1\" AchievementType=\"Tournament\"
        OrderIndex=\"200\" GuideType=\"None\" GuideArgument=\"0\" MineralReward=\"0\"
        GasReward=\"0\" SpriteId=\"8239\" IsHidden=\"true\" RewardString=\"\" DurationType=\"Monthly\"
        ParentAchievementDesignId=\"0\" RootAchievementDesignId=\"75\" /><AchievementDesign
        AchievementDesignId=\"76\" AchievementTitle=\"Division D Silver\" AchievementDescription=\"Second
        Place in Monthly Tournament: Division D.\" AchievementKey=\"com.savysoda.pixelStarships.divisionDSilver\"
        AchievementReward=\"0\" AchievementGoal=\"1\" AchievementType=\"Tournament\"
        OrderIndex=\"200\" GuideType=\"None\" GuideArgument=\"0\" MineralReward=\"0\"
        GasReward=\"0\" SpriteId=\"8240\" IsHidden=\"true\" RewardString=\"\" DurationType=\"Monthly\"
        ParentAchievementDesignId=\"0\" RootAchievementDesignId=\"76\" /><AchievementDesign
        AchievementDesignId=\"77\" AchievementTitle=\"Division D Bronze\" AchievementDescription=\"Third
        Place in Monthly Tournament: Division D.\" AchievementKey=\"com.savysoda.pixelStarships.divisionDBronze\"
        AchievementReward=\"0\" AchievementGoal=\"1\" AchievementType=\"Tournament\"
        OrderIndex=\"200\" GuideType=\"None\" GuideArgument=\"0\" MineralReward=\"0\"
        GasReward=\"0\" SpriteId=\"8241\" IsHidden=\"true\" RewardString=\"\" DurationType=\"Monthly\"
        ParentAchievementDesignId=\"0\" RootAchievementDesignId=\"77\" /><AchievementDesign
        AchievementDesignId=\"78\" AchievementTitle=\"Barot\" AchievementDescription=\"Our
        Second Pre Season warm up AI Event at the Galaxy Swimming Pool.\" AchievementKey=\"com.savysoda.pixelStarships.barot\"
        AchievementReward=\"100\" AchievementGoal=\"1\" AchievementType=\"Challenge\"
        OrderIndex=\"100\" GuideType=\"None\" GuideArgument=\"0\" MineralReward=\"0\"
        GasReward=\"0\" SpriteId=\"8093\" IsHidden=\"true\" RewardString=\"starbux:100\"
        DurationType=\"Permanent\" ParentAchievementDesignId=\"0\" RootAchievementDesignId=\"56\"
        /><AchievementDesign AchievementDesignId=\"79\" AchievementTitle=\"Jersey\"
        AchievementDescription=\"A Pre Season warm up AI Event with his Airness.\"
        AchievementKey=\"com.savysoda.pixelStarships.preseason2\" AchievementReward=\"100\"
        AchievementGoal=\"1\" AchievementType=\"Challenge\" OrderIndex=\"100\" GuideType=\"None\"
        GuideArgument=\"0\" MineralReward=\"0\" GasReward=\"0\" SpriteId=\"2964\"
        IsHidden=\"true\" RewardString=\"starbux:100\" DurationType=\"Permanent\"
        ParentAchievementDesignId=\"0\" RootAchievementDesignId=\"56\" /><AchievementDesign
        AchievementDesignId=\"80\" AchievementTitle=\"Taurus\" AchievementDescription=\"Win
        a taurus constellation AI battle.\" AchievementKey=\"com.savysoda.pixelStarships.taurus\"
        AchievementReward=\"100\" AchievementGoal=\"1\" AchievementType=\"Challenge\"
        OrderIndex=\"100\" GuideType=\"None\" GuideArgument=\"0\" MineralReward=\"0\"
        GasReward=\"0\" SpriteId=\"10716\" IsHidden=\"true\" RewardString=\"starbux:100\"
        DurationType=\"Permanent\" ParentAchievementDesignId=\"0\" RootAchievementDesignId=\"56\"
        /><AchievementDesign AchievementDesignId=\"81\" AchievementTitle=\"Gemini\"
        AchievementDescription=\"Win a Gemini constellation AI battle.\" AchievementKey=\"com.savysoda.pixelStarships.gemini\"
        AchievementReward=\"100\" AchievementGoal=\"1\" AchievementType=\"Challenge\"
        OrderIndex=\"100\" GuideType=\"None\" GuideArgument=\"0\" MineralReward=\"0\"
        GasReward=\"0\" SpriteId=\"10707\" IsHidden=\"true\" RewardString=\"starbux:100\"
        DurationType=\"Permanent\" ParentAchievementDesignId=\"0\" RootAchievementDesignId=\"81\"
        /><AchievementDesign AchievementDesignId=\"82\" AchievementTitle=\"Soccer\"
        AchievementDescription=\"Streak win in a soccer cup challenge.\" AchievementKey=\"com.savysoda.pixelStarships.soccer\"
        AchievementReward=\"100\" AchievementGoal=\"1\" AchievementType=\"Challenge\"
        OrderIndex=\"100\" GuideType=\"None\" GuideArgument=\"0\" MineralReward=\"0\"
        GasReward=\"0\" SpriteId=\"9415\" IsHidden=\"true\" RewardString=\"starbux:100\"
        DurationType=\"Permanent\" ParentAchievementDesignId=\"0\" RootAchievementDesignId=\"82\"
        /><AchievementDesign AchievementDesignId=\"83\" AchievementTitle=\"Bug Hunter\"
        AchievementDescription=\"Occasionally issued by engineers for help with fixing
        bugs.\" AchievementKey=\"com.savysoda.pixelStarships.bugHunter\" AchievementReward=\"100\"
        AchievementGoal=\"1\" AchievementType=\"Challenge\" OrderIndex=\"100\" GuideType=\"None\"
        GuideArgument=\"0\" MineralReward=\"0\" GasReward=\"0\" SpriteId=\"9473\"
        IsHidden=\"true\" RewardString=\"starbux:100\" DurationType=\"Permanent\"
        ParentAchievementDesignId=\"0\" RootAchievementDesignId=\"82\" /><AchievementDesign
        AchievementDesignId=\"84\" AchievementTitle=\"Leo\" AchievementDescription=\"Win
        a Leo constellation AI battle.\" AchievementKey=\"com.savysoda.pixelStarships.leo\"
        AchievementReward=\"100\" AchievementGoal=\"1\" AchievementType=\"Challenge\"
        OrderIndex=\"100\" GuideType=\"None\" GuideArgument=\"0\" MineralReward=\"0\"
        GasReward=\"0\" SpriteId=\"10712\" IsHidden=\"true\" RewardString=\"starbux:100\"
        DurationType=\"Permanent\" ParentAchievementDesignId=\"0\" RootAchievementDesignId=\"81\"
        /><AchievementDesign AchievementDesignId=\"85\" AchievementTitle=\"Virgo\"
        AchievementDescription=\"Win a Virgo constellation AI battle.\" AchievementKey=\"com.savysoda.pixelStarships.virgo\"
        AchievementReward=\"100\" AchievementGoal=\"1\" AchievementType=\"Challenge\"
        OrderIndex=\"100\" GuideType=\"None\" GuideArgument=\"0\" MineralReward=\"0\"
        GasReward=\"0\" SpriteId=\"10717\" IsHidden=\"true\" RewardString=\"starbux:100\"
        DurationType=\"Permanent\" ParentAchievementDesignId=\"0\" RootAchievementDesignId=\"81\"
        /><AchievementDesign AchievementDesignId=\"86\" AchievementTitle=\"Galactic
        Linguist\" AchievementDescription=\"A special recognition for the tireless
        efforts of famed translators throughout the universe.\" AchievementKey=\"com.savysoda.pixelStarships.linguist\"
        AchievementReward=\"200\" AchievementGoal=\"1\" AchievementType=\"Challenge\"
        OrderIndex=\"100\" GuideType=\"None\" GuideArgument=\"0\" MineralReward=\"0\"
        GasReward=\"0\" SpriteId=\"10539\" IsHidden=\"true\" RewardString=\"starbux:200\"
        DurationType=\"Permanent\" ParentAchievementDesignId=\"0\" RootAchievementDesignId=\"86\"
        /><AchievementDesign AchievementDesignId=\"87\" AchievementTitle=\"Contributor\"
        AchievementDescription=\"A little token of appreciation for your contribution
        to the universe.\" AchievementKey=\"com.savysoda.pixelStarships.contributor\"
        AchievementReward=\"50\" AchievementGoal=\"1\" AchievementType=\"Challenge\"
        OrderIndex=\"100\" GuideType=\"None\" GuideArgument=\"0\" MineralReward=\"0\"
        GasReward=\"0\" SpriteId=\"10550\" IsHidden=\"true\" RewardString=\"starbux:50\"
        DurationType=\"Permanent\" ParentAchievementDesignId=\"0\" RootAchievementDesignId=\"87\"
        /><AchievementDesign AchievementDesignId=\"88\" AchievementTitle=\"Community
        Leader\" AchievementDescription=\"A symbol of respect for one's dedicated
        service to the community.\" AchievementKey=\"com.savysoda.pixelStarships.communityLeader\"
        AchievementReward=\"500\" AchievementGoal=\"1\" AchievementType=\"Challenge\"
        OrderIndex=\"100\" GuideType=\"None\" GuideArgument=\"0\" MineralReward=\"0\"
        GasReward=\"0\" SpriteId=\"10551\" IsHidden=\"true\" RewardString=\"starbux:300\"
        DurationType=\"Permanent\" ParentAchievementDesignId=\"0\" RootAchievementDesignId=\"88\"
        /><AchievementDesign AchievementDesignId=\"89\" AchievementTitle=\"Libra\"
        AchievementDescription=\"Win a Libra constellation AI battle.\" AchievementKey=\"com.savysoda.pixelStarships.libra\"
        AchievementReward=\"100\" AchievementGoal=\"1\" AchievementType=\"Challenge\"
        OrderIndex=\"100\" GuideType=\"None\" GuideArgument=\"0\" MineralReward=\"0\"
        GasReward=\"0\" SpriteId=\"10715\" IsHidden=\"true\" RewardString=\"starbux:100\"
        DurationType=\"Permanent\" ParentAchievementDesignId=\"0\" RootAchievementDesignId=\"89\"
        /><AchievementDesign AchievementDesignId=\"90\" AchievementTitle=\"Scorpio\"
        AchievementDescription=\"Win a Scorpio constellation AI battle.\" AchievementKey=\"com.savysoda.pixelStarships.scorpio\"
        AchievementReward=\"100\" AchievementGoal=\"1\" AchievementType=\"Challenge\"
        OrderIndex=\"100\" GuideType=\"None\" GuideArgument=\"0\" MineralReward=\"0\"
        GasReward=\"0\" SpriteId=\"10713\" IsHidden=\"true\" RewardString=\"starbux:100\"
        DurationType=\"Permanent\" ParentAchievementDesignId=\"0\" RootAchievementDesignId=\"90\"
        /><AchievementDesign AchievementDesignId=\"91\" AchievementTitle=\"Sagita\"
        AchievementDescription=\"Win a Sagita constellation AI battle.\" AchievementKey=\"com.savysoda.pixelStarships.sagita\"
        AchievementReward=\"100\" AchievementGoal=\"1\" AchievementType=\"Challenge\"
        OrderIndex=\"100\" GuideType=\"None\" GuideArgument=\"0\" MineralReward=\"0\"
        GasReward=\"0\" SpriteId=\"10706\" IsHidden=\"true\" RewardString=\"starbux:100\"
        DurationType=\"Permanent\" ParentAchievementDesignId=\"0\" RootAchievementDesignId=\"91\"
        /><AchievementDesign AchievementDesignId=\"93\" AchievementTitle=\"Scientist
        I\" AchievementDescription=\"Research 10 technologies.\" AchievementKey=\"com.savysoda.pixelStarships.scientist1\"
        AchievementReward=\"25\" AchievementGoal=\"10\" AchievementType=\"Research\"
        OrderIndex=\"100\" GuideType=\"None\" GuideArgument=\"0\" MineralReward=\"0\"
        GasReward=\"0\" SpriteId=\"11416\" IsHidden=\"false\" RewardString=\"starbux:25\"
        DurationType=\"Permanent\" ParentAchievementDesignId=\"0\" RootAchievementDesignId=\"93\"
        /><AchievementDesign AchievementDesignId=\"94\" AchievementTitle=\"Scientist
        II\" AchievementDescription=\"Research 30 technologies.\" AchievementKey=\"com.savysoda.pixelStarships.scientist2\"
        AchievementReward=\"100\" AchievementGoal=\"30\" AchievementType=\"Research\"
        OrderIndex=\"100\" GuideType=\"None\" GuideArgument=\"0\" MineralReward=\"0\"
        GasReward=\"0\" SpriteId=\"11416\" IsHidden=\"false\" RewardString=\"starbux:100\"
        DurationType=\"Permanent\" ParentAchievementDesignId=\"93\" RootAchievementDesignId=\"93\"
        /><AchievementDesign AchievementDesignId=\"95\" AchievementTitle=\"Scientist
        III\" AchievementDescription=\"Research 100 technologies.\" AchievementKey=\"com.savysoda.pixelStarships.scientist3\"
        AchievementReward=\"250\" AchievementGoal=\"100\" AchievementType=\"Research\"
        OrderIndex=\"100\" GuideType=\"None\" GuideArgument=\"0\" MineralReward=\"0\"
        GasReward=\"0\" SpriteId=\"11416\" IsHidden=\"false\" RewardString=\"starbux:250\"
        DurationType=\"Permanent\" ParentAchievementDesignId=\"94\" RootAchievementDesignId=\"93\"
        /><AchievementDesign AchievementDesignId=\"96\" AchievementTitle=\"Commerce
        I\" AchievementDescription=\"Make 5 sales on GBay Market.\" AchievementKey=\"com.savysoda.pixelStarships.commerce1\"
        AchievementReward=\"25\" AchievementGoal=\"5\" AchievementType=\"Commerce\"
        OrderIndex=\"100\" GuideType=\"None\" GuideArgument=\"0\" MineralReward=\"0\"
        GasReward=\"0\" SpriteId=\"11415\" IsHidden=\"false\" RewardString=\"starbux:25\"
        DurationType=\"Permanent\" ParentAchievementDesignId=\"0\" RootAchievementDesignId=\"96\"
        /><AchievementDesign AchievementDesignId=\"97\" AchievementTitle=\"Commerce
        II\" AchievementDescription=\"Make 25 sales on GBay Market.\" AchievementKey=\"com.savysoda.pixelStarships.commerce2\"
        AchievementReward=\"50\" AchievementGoal=\"25\" AchievementType=\"Commerce\"
        OrderIndex=\"100\" GuideType=\"None\" GuideArgument=\"0\" MineralReward=\"0\"
        GasReward=\"0\" SpriteId=\"11415\" IsHidden=\"false\" RewardString=\"starbux:50\"
        DurationType=\"Permanent\" ParentAchievementDesignId=\"96\" RootAchievementDesignId=\"96\"
        /><AchievementDesign AchievementDesignId=\"98\" AchievementTitle=\"Commerce
        III\" AchievementDescription=\"Make 200 sales on GBay Market.\" AchievementKey=\"com.savysoda.pixelStarships.commerce3\"
        AchievementReward=\"150\" AchievementGoal=\"200\" AchievementType=\"Commerce\"
        OrderIndex=\"100\" GuideType=\"None\" GuideArgument=\"0\" MineralReward=\"0\"
        GasReward=\"0\" SpriteId=\"11415\" IsHidden=\"false\" RewardString=\"starbux:150\"
        DurationType=\"Permanent\" ParentAchievementDesignId=\"97\" RootAchievementDesignId=\"96\"
        /><AchievementDesign AchievementDesignId=\"99\" AchievementTitle=\"2018 Fleet
        Bronze\" AchievementDescription=\"Take 3rd place as a fleet in the 2018 Championship.\"
        AchievementKey=\"com.savysoda.pixelStarships.2018FleetBronze\" AchievementReward=\"0\"
        AchievementGoal=\"1\" AchievementType=\"Tournament\" OrderIndex=\"200\" GuideType=\"None\"
        GuideArgument=\"0\" MineralReward=\"0\" GasReward=\"0\" SpriteId=\"11467\"
        IsHidden=\"true\" RewardString=\"starbux:200\" DurationType=\"Permanent\"
        ParentAchievementDesignId=\"0\" RootAchievementDesignId=\"99\" /><AchievementDesign
        AchievementDesignId=\"100\" AchievementTitle=\"2018 Fleet Silver\" AchievementDescription=\"Take
        2nd place as a fleet in the 2018 Championship.\" AchievementKey=\"com.savysoda.pixelStarships.2018FleetSilver\"
        AchievementReward=\"0\" AchievementGoal=\"1\" AchievementType=\"Tournament\"
        OrderIndex=\"200\" GuideType=\"None\" GuideArgument=\"0\" MineralReward=\"0\"
        GasReward=\"0\" SpriteId=\"11466\" IsHidden=\"true\" RewardString=\"starbux:500\"
        DurationType=\"Permanent\" ParentAchievementDesignId=\"0\" RootAchievementDesignId=\"100\"
        /><AchievementDesign AchievementDesignId=\"101\" AchievementTitle=\"2018 Fleet
        Champion\" AchievementDescription=\"Take 1st place as a fleet in the 2018
        Championship.\" AchievementKey=\"com.savysoda.pixelStarships.2018FleetChampion\"
        AchievementReward=\"1000\" AchievementGoal=\"1\" AchievementType=\"Tournament\"
        OrderIndex=\"200\" GuideType=\"None\" GuideArgument=\"0\" MineralReward=\"0\"
        GasReward=\"0\" SpriteId=\"11414\" IsHidden=\"true\" RewardString=\"starbux:1000\"
        DurationType=\"Permanent\" ParentAchievementDesignId=\"0\" RootAchievementDesignId=\"101\"
        /><AchievementDesign AchievementDesignId=\"102\" AchievementTitle=\"Capricorn\"
        AchievementDescription=\"Win a Capricorn constellation AI battle.\" AchievementKey=\"com.savysoda.pixelStarships.capricorn\"
        AchievementReward=\"100\" AchievementGoal=\"1\" AchievementType=\"Challenge\"
        OrderIndex=\"100\" GuideType=\"None\" GuideArgument=\"0\" MineralReward=\"0\"
        GasReward=\"0\" SpriteId=\"10711\" IsHidden=\"true\" RewardString=\"starbux:100\"
        DurationType=\"Permanent\" ParentAchievementDesignId=\"0\" RootAchievementDesignId=\"102\"
        /><AchievementDesign AchievementDesignId=\"103\" AchievementTitle=\"Aquarius\"
        AchievementDescription=\"Win a Aquarius constellation AI battle.\" AchievementKey=\"com.savysoda.pixelStarships.aquarius\"
        AchievementReward=\"100\" AchievementGoal=\"1\" AchievementType=\"Challenge\"
        OrderIndex=\"100\" GuideType=\"None\" GuideArgument=\"0\" MineralReward=\"0\"
        GasReward=\"0\" SpriteId=\"10708\" IsHidden=\"true\" RewardString=\"starbux:100\"
        DurationType=\"Permanent\" ParentAchievementDesignId=\"0\" RootAchievementDesignId=\"103\"
        /><AchievementDesign AchievementDesignId=\"104\" AchievementTitle=\"Pisces\"
        AchievementDescription=\"Win a Pisces constellation AI battle.\" AchievementKey=\"com.savysoda.pixelStarships.pisces\"
        AchievementReward=\"100\" AchievementGoal=\"1\" AchievementType=\"Challenge\"
        OrderIndex=\"100\" GuideType=\"None\" GuideArgument=\"0\" MineralReward=\"0\"
        GasReward=\"0\" SpriteId=\"10714\" IsHidden=\"true\" RewardString=\"starbux:100\"
        DurationType=\"Permanent\" ParentAchievementDesignId=\"0\" RootAchievementDesignId=\"104\"
        /><AchievementDesign AchievementDesignId=\"105\" AchievementTitle=\"Aries\"
        AchievementDescription=\"Win a Aries constellation AI battle.\" AchievementKey=\"com.savysoda.pixelStarships.aries\"
        AchievementReward=\"100\" AchievementGoal=\"1\" AchievementType=\"Challenge\"
        OrderIndex=\"100\" GuideType=\"None\" GuideArgument=\"0\" MineralReward=\"0\"
        GasReward=\"0\" SpriteId=\"10710\" IsHidden=\"true\" RewardString=\"starbux:100\"
        DurationType=\"Permanent\" ParentAchievementDesignId=\"0\" RootAchievementDesignId=\"105\"
        /><AchievementDesign AchievementDesignId=\"106\" AchievementTitle=\"SavySoda
        Collector\" AchievementDescription=\"Collect all SavySoda crew!\" AchievementKey=\"com.savysoda.pixelStarships.savySodaCollection\"
        AchievementReward=\"100\" AchievementGoal=\"1\" AchievementType=\"Collection\"
        OrderIndex=\"100\" GuideType=\"None\" GuideArgument=\"0\" MineralReward=\"0\"
        GasReward=\"0\" SpriteId=\"8183\" IsHidden=\"true\" RewardString=\"starbux:150\"
        DurationType=\"Permanent\" ParentAchievementDesignId=\"0\" RootAchievementDesignId=\"106\"
        /><AchievementDesign AchievementDesignId=\"107\" AchievementTitle=\"Sango
        Collector\" AchievementDescription=\"Collect all Sango crew!\" AchievementKey=\"com.savysoda.pixelStarships.sangoCollection\"
        AchievementReward=\"150\" AchievementGoal=\"2\" AchievementType=\"Collection\"
        OrderIndex=\"100\" GuideType=\"None\" GuideArgument=\"0\" MineralReward=\"0\"
        GasReward=\"0\" SpriteId=\"8187\" IsHidden=\"true\" RewardString=\"starbux:150\"
        DurationType=\"Permanent\" ParentAchievementDesignId=\"0\" RootAchievementDesignId=\"107\"
        /><AchievementDesign AchievementDesignId=\"108\" AchievementTitle=\"Cat Collector\"
        AchievementDescription=\"Collect all Cat crew!\" AchievementKey=\"com.savysoda.pixelStarships.catsCollection\"
        AchievementReward=\"150\" AchievementGoal=\"3\" AchievementType=\"Collection\"
        OrderIndex=\"100\" GuideType=\"None\" GuideArgument=\"0\" MineralReward=\"0\"
        GasReward=\"0\" SpriteId=\"8189\" IsHidden=\"true\" RewardString=\"starbux:150\"
        DurationType=\"Permanent\" ParentAchievementDesignId=\"0\" RootAchievementDesignId=\"108\"
        /><AchievementDesign AchievementDesignId=\"109\" AchievementTitle=\"Office
        Collector\" AchievementDescription=\"Collect all Office Worker crew!\" AchievementKey=\"com.savysoda.pixelStarships.officeCollection\"
        AchievementReward=\"150\" AchievementGoal=\"4\" AchievementType=\"Collection\"
        OrderIndex=\"100\" GuideType=\"None\" GuideArgument=\"0\" MineralReward=\"0\"
        GasReward=\"0\" SpriteId=\"8190\" IsHidden=\"true\" RewardString=\"starbux:150\"
        DurationType=\"Permanent\" ParentAchievementDesignId=\"0\" RootAchievementDesignId=\"109\"
        /><AchievementDesign AchievementDesignId=\"110\" AchievementTitle=\"Critter
        Collector\" AchievementDescription=\"Collect all Critter crew!\" AchievementKey=\"com.savysoda.pixelStarships.critterCollection\"
        AchievementReward=\"150\" AchievementGoal=\"5\" AchievementType=\"Collection\"
        OrderIndex=\"100\" GuideType=\"None\" GuideArgument=\"0\" MineralReward=\"0\"
        GasReward=\"0\" SpriteId=\"8185\" IsHidden=\"true\" RewardString=\"starbux:150\"
        DurationType=\"Permanent\" ParentAchievementDesignId=\"0\" RootAchievementDesignId=\"110\"
        /><AchievementDesign AchievementDesignId=\"111\" AchievementTitle=\"Pirate
        Collector\" AchievementDescription=\"Collect all Pirate crew!\" AchievementKey=\"com.savysoda.pixelStarships.pirateCollection\"
        AchievementReward=\"150\" AchievementGoal=\"6\" AchievementType=\"Collection\"
        OrderIndex=\"100\" GuideType=\"None\" GuideArgument=\"0\" MineralReward=\"0\"
        GasReward=\"0\" SpriteId=\"9039\" IsHidden=\"true\" RewardString=\"starbux:150\"
        DurationType=\"Permanent\" ParentAchievementDesignId=\"0\" RootAchievementDesignId=\"111\"
        /><AchievementDesign AchievementDesignId=\"112\" AchievementTitle=\"Federation
        Collector\" AchievementDescription=\"Collect all Federation crew!\" AchievementKey=\"com.savysoda.pixelStarships.federationCollection\"
        AchievementReward=\"150\" AchievementGoal=\"7\" AchievementType=\"Collection\"
        OrderIndex=\"100\" GuideType=\"None\" GuideArgument=\"0\" MineralReward=\"0\"
        GasReward=\"0\" SpriteId=\"9037\" IsHidden=\"true\" RewardString=\"starbux:150\"
        DurationType=\"Permanent\" ParentAchievementDesignId=\"0\" RootAchievementDesignId=\"112\"
        /><AchievementDesign AchievementDesignId=\"113\" AchievementTitle=\"Qtarian
        Collector\" AchievementDescription=\"Collect all Qtarian crew!\" AchievementKey=\"com.savysoda.pixelStarships.qtarianCollection\"
        AchievementReward=\"150\" AchievementGoal=\"8\" AchievementType=\"Collection\"
        OrderIndex=\"100\" GuideType=\"None\" GuideArgument=\"0\" MineralReward=\"0\"
        GasReward=\"0\" SpriteId=\"9038\" IsHidden=\"true\" RewardString=\"starbux:150\"
        DurationType=\"Permanent\" ParentAchievementDesignId=\"0\" RootAchievementDesignId=\"113\"
        /><AchievementDesign AchievementDesignId=\"114\" AchievementTitle=\"Constellation
        Collector\" AchievementDescription=\"Collect all Constellation crew!\" AchievementKey=\"com.savysoda.pixelStarships.constellCollection\"
        AchievementReward=\"150\" AchievementGoal=\"9\" AchievementType=\"Collection\"
        OrderIndex=\"100\" GuideType=\"None\" GuideArgument=\"0\" MineralReward=\"0\"
        GasReward=\"0\" SpriteId=\"9040\" IsHidden=\"true\" RewardString=\"starbux:150\"
        DurationType=\"Permanent\" ParentAchievementDesignId=\"0\" RootAchievementDesignId=\"114\"
        /><AchievementDesign AchievementDesignId=\"115\" AchievementTitle=\"Tech Collector\"
        AchievementDescription=\"Collect all Tech crew!\" AchievementKey=\"com.savysoda.pixelStarships.techCollection\"
        AchievementReward=\"150\" AchievementGoal=\"10\" AchievementType=\"Collection\"
        OrderIndex=\"100\" GuideType=\"None\" GuideArgument=\"0\" MineralReward=\"0\"
        GasReward=\"0\" SpriteId=\"8977\" IsHidden=\"true\" RewardString=\"starbux:150\"
        DurationType=\"Permanent\" ParentAchievementDesignId=\"0\" RootAchievementDesignId=\"115\"
        /><AchievementDesign AchievementDesignId=\"116\" AchievementTitle=\"Fantasy
        Collector\" AchievementDescription=\"Collect all Fantasy crew!\" AchievementKey=\"com.savysoda.pixelStarships.fantasyCollection\"
        AchievementReward=\"150\" AchievementGoal=\"11\" AchievementType=\"Collection\"
        OrderIndex=\"100\" GuideType=\"None\" GuideArgument=\"0\" MineralReward=\"0\"
        GasReward=\"0\" SpriteId=\"8188\" IsHidden=\"true\" RewardString=\"starbux:150\"
        DurationType=\"Permanent\" ParentAchievementDesignId=\"0\" RootAchievementDesignId=\"116\"
        /><AchievementDesign AchievementDesignId=\"117\" AchievementTitle=\"Vampire
        Collector\" AchievementDescription=\"Collect all Vampire crew!\" AchievementKey=\"com.savysoda.pixelStarships.vampireCollection\"
        AchievementReward=\"150\" AchievementGoal=\"12\" AchievementType=\"Collection\"
        OrderIndex=\"100\" GuideType=\"None\" GuideArgument=\"0\" MineralReward=\"0\"
        GasReward=\"0\" SpriteId=\"8185\" IsHidden=\"true\" RewardString=\"starbux:150\"
        DurationType=\"Permanent\" ParentAchievementDesignId=\"0\" RootAchievementDesignId=\"117\"
        /><AchievementDesign AchievementDesignId=\"118\" AchievementTitle=\"Gray Collector\"
        AchievementDescription=\"Collect all Gray crew!\" AchievementKey=\"com.savysoda.pixelStarships.grayCollection\"
        AchievementReward=\"150\" AchievementGoal=\"13\" AchievementType=\"Collection\"
        OrderIndex=\"100\" GuideType=\"None\" GuideArgument=\"0\" MineralReward=\"0\"
        GasReward=\"0\" SpriteId=\"11295\" IsHidden=\"true\" RewardString=\"starbux:150\"
        DurationType=\"Permanent\" ParentAchievementDesignId=\"0\" RootAchievementDesignId=\"118\"
        /><AchievementDesign AchievementDesignId=\"119\" AchievementTitle=\"Visiri
        Collector\" AchievementDescription=\"Collect all Visiri crew!\" AchievementKey=\"com.savysoda.pixelStarships.visiriCollection\"
        AchievementReward=\"150\" AchievementGoal=\"14\" AchievementType=\"Collection\"
        OrderIndex=\"100\" GuideType=\"None\" GuideArgument=\"0\" MineralReward=\"0\"
        GasReward=\"0\" SpriteId=\"11400\" IsHidden=\"true\" RewardString=\"starbux:150\"
        DurationType=\"Permanent\" ParentAchievementDesignId=\"0\" RootAchievementDesignId=\"119\"
        /><AchievementDesign AchievementDesignId=\"120\" AchievementTitle=\"Ardent
        Collector\" AchievementDescription=\"Collect all Ardent crew!\" AchievementKey=\"com.savysoda.pixelStarships.ardentCollection\"
        AchievementReward=\"150\" AchievementGoal=\"15\" AchievementType=\"Collection\"
        OrderIndex=\"100\" GuideType=\"None\" GuideArgument=\"0\" MineralReward=\"0\"
        GasReward=\"0\" SpriteId=\"11297\" IsHidden=\"true\" RewardString=\"starbux:150\"
        DurationType=\"Permanent\" ParentAchievementDesignId=\"0\" RootAchievementDesignId=\"120\"
        /><AchievementDesign AchievementDesignId=\"122\" AchievementTitle=\"AI Beginner\"
        AchievementDescription=\"Build a Command Center room.\" AchievementKey=\"com.savysoda.pixelStarships.ai1\"
        AchievementReward=\"10\" AchievementGoal=\"1\" AchievementType=\"AI\" OrderIndex=\"100\"
        GuideType=\"None\" GuideArgument=\"0\" MineralReward=\"0\" GasReward=\"0\"
        SpriteId=\"12592\" IsHidden=\"false\" RewardString=\"item:749x1\" DurationType=\"Permanent\"
        ParentAchievementDesignId=\"0\" RootAchievementDesignId=\"122\" /><AchievementDesign
        AchievementDesignId=\"123\" AchievementTitle=\"AI Advanced\" AchievementDescription=\"Upgrade
        to a level 3 Command Center.\" AchievementKey=\"com.savysoda.pixelStarships.ai2\"
        AchievementReward=\"10\" AchievementGoal=\"3\" AchievementType=\"AI\" OrderIndex=\"100\"
        GuideType=\"None\" GuideArgument=\"0\" MineralReward=\"0\" GasReward=\"0\"
        SpriteId=\"12592\" IsHidden=\"false\" RewardString=\"item:752x1\" DurationType=\"Permanent\"
        ParentAchievementDesignId=\"122\" RootAchievementDesignId=\"122\" /><AchievementDesign
        AchievementDesignId=\"124\" AchievementTitle=\"AI Expert\" AchievementDescription=\"Upgrade
        to a level 5 Command Center.\" AchievementKey=\"com.savysoda.pixelStarships.ai3\"
        AchievementReward=\"10\" AchievementGoal=\"5\" AchievementType=\"AI\" OrderIndex=\"100\"
        GuideType=\"None\" GuideArgument=\"0\" MineralReward=\"0\" GasReward=\"0\"
        SpriteId=\"12592\" IsHidden=\"false\" RewardString=\"item:766x1\" DurationType=\"Permanent\"
        ParentAchievementDesignId=\"123\" RootAchievementDesignId=\"122\" /><AchievementDesign
        AchievementDesignId=\"126\" AchievementTitle=\"Cat Attack\" AchievementDescription=\"Win
        the Cat Attack Live AI battle.\" AchievementKey=\"com.savysoda.pixelStarships.catAttack\"
        AchievementReward=\"100\" AchievementGoal=\"1\" AchievementType=\"Challenge\"
        OrderIndex=\"100\" GuideType=\"None\" GuideArgument=\"0\" MineralReward=\"0\"
        GasReward=\"0\" SpriteId=\"3135\" IsHidden=\"true\" RewardString=\"starbux:100\"
        DurationType=\"Permanent\" ParentAchievementDesignId=\"0\" RootAchievementDesignId=\"126\"
        /><AchievementDesign AchievementDesignId=\"127\" AchievementTitle=\"2019 Fleet
        Bronze\" AchievementDescription=\"Take 3rd place as a fleet in the 2019 Championship.\"
        AchievementKey=\"com.savysoda.pixelStarships.2019FleetBronze\" AchievementReward=\"0\"
        AchievementGoal=\"1\" AchievementType=\"Tournament\" OrderIndex=\"200\" GuideType=\"None\"
        GuideArgument=\"0\" MineralReward=\"0\" GasReward=\"0\" SpriteId=\"13307\"
        IsHidden=\"true\" RewardString=\"starbux:200\" DurationType=\"Permanent\"
        ParentAchievementDesignId=\"0\" RootAchievementDesignId=\"127\" /><AchievementDesign
        AchievementDesignId=\"128\" AchievementTitle=\"2019 Fleet Silver\" AchievementDescription=\"Take
        2nd place as a fleet in the 2019 Championship.\" AchievementKey=\"com.savysoda.pixelStarships.2019FleetSilver\"
        AchievementReward=\"0\" AchievementGoal=\"1\" AchievementType=\"Tournament\"
        OrderIndex=\"200\" GuideType=\"None\" GuideArgument=\"0\" MineralReward=\"0\"
        GasReward=\"0\" SpriteId=\"13306\" IsHidden=\"true\" RewardString=\"starbux:500\"
        DurationType=\"Permanent\" ParentAchievementDesignId=\"0\" RootAchievementDesignId=\"128\"
        /><AchievementDesign AchievementDesignId=\"129\" AchievementTitle=\"2019 Fleet
        Champion\" AchievementDescription=\"Take 1st place as a fleet in the 2019
        Championship.\" AchievementKey=\"com.savysoda.pixelStarships.2019FleetChampion\"
        AchievementReward=\"1000\" AchievementGoal=\"1\" AchievementType=\"Tournament\"
        OrderIndex=\"200\" GuideType=\"None\" GuideArgument=\"0\" MineralReward=\"0\"
        GasReward=\"0\" SpriteId=\"13305\" IsHidden=\"true\" RewardString=\"starbux:1000\"
        DurationType=\"Permanent\" ParentAchievementDesignId=\"0\" RootAchievementDesignId=\"129\"
        /><AchievementDesign AchievementDesignId=\"130\" AchievementTitle=\"Sango
        Attack\" AchievementDescription=\"Win the Sango Attack Live AI battle.\" AchievementKey=\"com.savysoda.pixelStarships.sangoattack1\"
        AchievementReward=\"100\" AchievementGoal=\"1\" AchievementType=\"Challenge\"
        OrderIndex=\"100\" GuideType=\"None\" GuideArgument=\"0\" MineralReward=\"0\"
        GasReward=\"0\" SpriteId=\"2195\" IsHidden=\"true\" RewardString=\"starbux:100\"
        DurationType=\"Permanent\" ParentAchievementDesignId=\"0\" RootAchievementDesignId=\"130\"
        /><AchievementDesign AchievementDesignId=\"131\" AchievementTitle=\"Galaxy
        Backer\" AchievementDescription=\"A nice little golden pin for our Backer
        and Late Backers.\" AchievementKey=\"com.savysoda.pixelStarships.galaxybacker\"
        AchievementReward=\"10\" AchievementGoal=\"1\" AchievementType=\"Challenge\"
        OrderIndex=\"100\" GuideType=\"None\" GuideArgument=\"0\" MineralReward=\"0\"
        GasReward=\"0\" SpriteId=\"14461\" IsHidden=\"true\" RewardString=\"starbux:10\"
        DurationType=\"Permanent\" ParentAchievementDesignId=\"0\" RootAchievementDesignId=\"131\"
        /><AchievementDesign AchievementDesignId=\"132\" AchievementTitle=\"Community
        Leader\" AchievementDescription=\"A symbol of respect for one's dedicated
        service to the community.\" AchievementKey=\"com.savysoda.pixelStarships.communityLeader1\"
        AchievementReward=\"500\" AchievementGoal=\"1\" AchievementType=\"Challenge\"
        OrderIndex=\"100\" GuideType=\"None\" GuideArgument=\"0\" MineralReward=\"0\"
        GasReward=\"0\" SpriteId=\"10551\" IsHidden=\"true\" RewardString=\"starbux:300\"
        DurationType=\"Permanent\" ParentAchievementDesignId=\"0\" RootAchievementDesignId=\"88\"
        /><AchievementDesign AchievementDesignId=\"133\" AchievementTitle=\"Galaxy
        Explorer I\" AchievementDescription=\"Explore 5 star systems.\" AchievementKey=\"com.savysoda.pixelStarships.galaxyExplorer1\"
        AchievementReward=\"25\" AchievementGoal=\"5\" AchievementType=\"Explorer\"
        OrderIndex=\"100\" GuideType=\"None\" GuideArgument=\"0\" MineralReward=\"0\"
        GasReward=\"0\" SpriteId=\"14850\" IsHidden=\"false\" RewardString=\"starbux:25\"
        DurationType=\"Permanent\" ParentAchievementDesignId=\"0\" RootAchievementDesignId=\"133\"
        /><AchievementDesign AchievementDesignId=\"134\" AchievementTitle=\"Galaxy
        Explorer II\" AchievementDescription=\"Explore 25 star systems.\" AchievementKey=\"com.savysoda.pixelStarships.galaxyExplorer2\"
        AchievementReward=\"50\" AchievementGoal=\"25\" AchievementType=\"Explorer\"
        OrderIndex=\"100\" GuideType=\"None\" GuideArgument=\"0\" MineralReward=\"0\"
        GasReward=\"0\" SpriteId=\"14850\" IsHidden=\"false\" RewardString=\"starbux:50\"
        DurationType=\"Permanent\" ParentAchievementDesignId=\"133\" RootAchievementDesignId=\"133\"
        /><AchievementDesign AchievementDesignId=\"135\" AchievementTitle=\"Galaxy
        Explorer III\" AchievementDescription=\"Explore all star systems.\" AchievementKey=\"com.savysoda.pixelStarships.galaxyExplorer3\"
        AchievementReward=\"100\" AchievementGoal=\"50\" AchievementType=\"Explorer\"
        OrderIndex=\"100\" GuideType=\"None\" GuideArgument=\"0\" MineralReward=\"0\"
        GasReward=\"0\" SpriteId=\"14850\" IsHidden=\"false\" RewardString=\"starbux:100\"
        DurationType=\"Permanent\" ParentAchievementDesignId=\"134\" RootAchievementDesignId=\"133\"
        /><AchievementDesign AchievementDesignId=\"142\" AchievementTitle=\"Once Per
        Year Collector\" AchievementDescription=\"Collect all Once Per Year crew!\"
        AchievementKey=\"com.savysoda.pixelStarships.oncePerYearCollection\" AchievementReward=\"50\"
        AchievementGoal=\"16\" AchievementType=\"Collection\" OrderIndex=\"100\" GuideType=\"None\"
        GuideArgument=\"0\" MineralReward=\"0\" GasReward=\"0\" SpriteId=\"12794\"
        IsHidden=\"true\" RewardString=\"starbux:50\" DurationType=\"Permanent\" ParentAchievementDesignId=\"0\"
        RootAchievementDesignId=\"142\" /><AchievementDesign AchievementDesignId=\"143\"
        AchievementTitle=\"2020 Fleet Champion\" AchievementDescription=\"Take 1st
        place as a fleet in the 2020 Championship.\" AchievementKey=\"com.savysoda.pixelStarships.2020FleetChampion\"
        AchievementReward=\"1000\" AchievementGoal=\"1\" AchievementType=\"Tournament\"
        OrderIndex=\"200\" GuideType=\"None\" GuideArgument=\"0\" MineralReward=\"0\"
        GasReward=\"0\" SpriteId=\"15582\" IsHidden=\"true\" RewardString=\"starbux:1000\"
        DurationType=\"Permanent\" ParentAchievementDesignId=\"0\" RootAchievementDesignId=\"143\"
        /><AchievementDesign AchievementDesignId=\"144\" AchievementTitle=\"2020 Fleet
        Silver\" AchievementDescription=\"Take 2nd place as a fleet in the 2020 Championship.\"
        AchievementKey=\"com.savysoda.pixelStarships.2020FleetSilver\" AchievementReward=\"500\"
        AchievementGoal=\"1\" AchievementType=\"Tournament\" OrderIndex=\"200\" GuideType=\"None\"
        GuideArgument=\"0\" MineralReward=\"0\" GasReward=\"0\" SpriteId=\"15583\"
        IsHidden=\"true\" RewardString=\"starbux:500\" DurationType=\"Permanent\"
        ParentAchievementDesignId=\"0\" RootAchievementDesignId=\"144\" /><AchievementDesign
        AchievementDesignId=\"145\" AchievementTitle=\"2020 Fleet Bronze\" AchievementDescription=\"Take
        3rd place as a fleet in the 2020 Championship.\" AchievementKey=\"com.savysoda.pixelStarships.2020FleetBronze\"
        AchievementReward=\"200\" AchievementGoal=\"1\" AchievementType=\"Tournament\"
        OrderIndex=\"200\" GuideType=\"None\" GuideArgument=\"0\" MineralReward=\"0\"
        GasReward=\"0\" SpriteId=\"15584\" IsHidden=\"true\" RewardString=\"starbux:200\"
        DurationType=\"Permanent\" ParentAchievementDesignId=\"0\" RootAchievementDesignId=\"145\"
        /><AchievementDesign AchievementDesignId=\"146\" AchievementTitle=\"2020 Individual
        Champion\" AchievementDescription=\"Take 1st place as an individual in the
        2020 Championship.\" AchievementKey=\"com.savysoda.pixelStarships.2020IndividualChampion\"
        AchievementReward=\"1000\" AchievementGoal=\"1\" AchievementType=\"Tournament\"
        OrderIndex=\"200\" GuideType=\"None\" GuideArgument=\"0\" MineralReward=\"0\"
        GasReward=\"0\" SpriteId=\"15674\" IsHidden=\"true\" RewardString=\"starbux:1000\"
        DurationType=\"Permanent\" ParentAchievementDesignId=\"0\" RootAchievementDesignId=\"146\"
        /><AchievementDesign AchievementDesignId=\"149\" AchievementTitle=\"2020 Individual
        Silver\" AchievementDescription=\"Take 2nd place as an individual in the 2020
        Championship.\" AchievementKey=\"com.savysoda.pixelStarships.2020IndividualSilver\"
        AchievementReward=\"500\" AchievementGoal=\"1\" AchievementType=\"Tournament\"
        OrderIndex=\"200\" GuideType=\"None\" GuideArgument=\"0\" MineralReward=\"0\"
        GasReward=\"0\" SpriteId=\"15673\" IsHidden=\"true\" RewardString=\"starbux:500\"
        DurationType=\"Permanent\" ParentAchievementDesignId=\"0\" RootAchievementDesignId=\"149\"
        /><AchievementDesign AchievementDesignId=\"150\" AchievementTitle=\"2020 Individual
        Bronze\" AchievementDescription=\"Take 3rd place as an individual in the 2020
        Championship.\" AchievementKey=\"com.savysoda.pixelStarships.2020IndividualBronze\"
        AchievementReward=\"200\" AchievementGoal=\"1\" AchievementType=\"Tournament\"
        OrderIndex=\"200\" GuideType=\"None\" GuideArgument=\"0\" MineralReward=\"0\"
        GasReward=\"0\" SpriteId=\"15672\" IsHidden=\"true\" RewardString=\"starbux:200\"
        DurationType=\"Permanent\" ParentAchievementDesignId=\"0\" RootAchievementDesignId=\"150\"
        /><AchievementDesign AchievementDesignId=\"151\" AchievementTitle=\"2020 Top
        Individuals\" AchievementDescription=\"Take place as one of top 100 individuals
        in the 2020 Championship.\" AchievementKey=\"com.savysoda.pixelStarships.2020TopIndividual\"
        AchievementReward=\"200\" AchievementGoal=\"1\" AchievementType=\"Tournament\"
        OrderIndex=\"200\" GuideType=\"None\" GuideArgument=\"0\" MineralReward=\"0\"
        GasReward=\"0\" SpriteId=\"15671\" IsHidden=\"true\" RewardString=\"starbux:200\"
        DurationType=\"Permanent\" ParentAchievementDesignId=\"0\" RootAchievementDesignId=\"151\"
        /><AchievementDesign AchievementDesignId=\"154\" AchievementTitle=\"2019 Individual
        Champion\" AchievementDescription=\"Take 1st place as an individual in the
        2019 Championship.\" AchievementKey=\"com.savysoda.pixelStarships.2019IndividualChampion\"
        AchievementReward=\"1000\" AchievementGoal=\"1\" AchievementType=\"Tournament\"
        OrderIndex=\"200\" GuideType=\"None\" GuideArgument=\"0\" MineralReward=\"0\"
        GasReward=\"0\" SpriteId=\"15670\" IsHidden=\"true\" RewardString=\"starbux:1000\"
        DurationType=\"Permanent\" ParentAchievementDesignId=\"0\" RootAchievementDesignId=\"154\"
        /><AchievementDesign AchievementDesignId=\"155\" AchievementTitle=\"2019 Individual
        Silver\" AchievementDescription=\"Take 2nd place as an individual in the 2019
        Championship.\" AchievementKey=\"com.savysoda.pixelStarships.2019IndividualSilver\"
        AchievementReward=\"500\" AchievementGoal=\"1\" AchievementType=\"Tournament\"
        OrderIndex=\"200\" GuideType=\"None\" GuideArgument=\"0\" MineralReward=\"0\"
        GasReward=\"0\" SpriteId=\"15669\" IsHidden=\"true\" RewardString=\"starbux:500\"
        DurationType=\"Permanent\" ParentAchievementDesignId=\"0\" RootAchievementDesignId=\"155\"
        /><AchievementDesign AchievementDesignId=\"156\" AchievementTitle=\"2019 Individual
        Bronze\" AchievementDescription=\"Take 3rd place as an individual in the 2019
        Championship.\" AchievementKey=\"com.savysoda.pixelStarships.2019IndividualBronze\"
        AchievementReward=\"200\" AchievementGoal=\"1\" AchievementType=\"Tournament\"
        OrderIndex=\"200\" GuideType=\"None\" GuideArgument=\"0\" MineralReward=\"0\"
        GasReward=\"0\" SpriteId=\"15668\" IsHidden=\"true\" RewardString=\"starbux:200\"
        DurationType=\"Permanent\" ParentAchievementDesignId=\"0\" RootAchievementDesignId=\"156\"
        /><AchievementDesign AchievementDesignId=\"157\" AchievementTitle=\"2018 Individual
        Champion\" AchievementDescription=\"Take 1st place as an individual in the
        2018 Championship.\" AchievementKey=\"com.savysoda.pixelStarships.2018IndividualChampion\"
        AchievementReward=\"1000\" AchievementGoal=\"1\" AchievementType=\"Tournament\"
        OrderIndex=\"200\" GuideType=\"None\" GuideArgument=\"0\" MineralReward=\"0\"
        GasReward=\"0\" SpriteId=\"15666\" IsHidden=\"true\" RewardString=\"starbux:1000\"
        DurationType=\"Permanent\" ParentAchievementDesignId=\"0\" RootAchievementDesignId=\"157\"
        /><AchievementDesign AchievementDesignId=\"159\" AchievementTitle=\"2018 Individual
        Silver\" AchievementDescription=\"Take 2nd place as an individual in the 2018
        Championship.\" AchievementKey=\"com.savysoda.pixelStarships.2018IndividualSilver\"
        AchievementReward=\"500\" AchievementGoal=\"1\" AchievementType=\"Tournament\"
        OrderIndex=\"200\" GuideType=\"None\" GuideArgument=\"0\" MineralReward=\"0\"
        GasReward=\"0\" SpriteId=\"15665\" IsHidden=\"true\" RewardString=\"starbux:500\"
        DurationType=\"Permanent\" ParentAchievementDesignId=\"0\" RootAchievementDesignId=\"159\"
        /><AchievementDesign AchievementDesignId=\"160\" AchievementTitle=\"2018 Individual
        Bronze\" AchievementDescription=\"Take 3rd place as an individual in the 2018
        Championship.\" AchievementKey=\"com.savysoda.pixelStarships.2018IndividualBronze\"
        AchievementReward=\"200\" AchievementGoal=\"1\" AchievementType=\"Tournament\"
        OrderIndex=\"200\" GuideType=\"None\" GuideArgument=\"0\" MineralReward=\"0\"
        GasReward=\"0\" SpriteId=\"15664\" IsHidden=\"true\" RewardString=\"starbux:200\"
        DurationType=\"Permanent\" ParentAchievementDesignId=\"0\" RootAchievementDesignId=\"160\"
        /><AchievementDesign AchievementDesignId=\"161\" AchievementTitle=\"Admiral
        Col Kickstarter\" AchievementDescription=\"Commissioned by Admiral Col\" AchievementKey=\"com.savysoda.pixelStarships.admiralcol\"
        AchievementReward=\"10\" AchievementGoal=\"1\" AchievementType=\"Challenge\"
        OrderIndex=\"100\" GuideType=\"None\" GuideArgument=\"0\" MineralReward=\"0\"
        GasReward=\"0\" SpriteId=\"16312\" IsHidden=\"true\" RewardString=\"\" DurationType=\"Permanent\"
        ParentAchievementDesignId=\"0\" RootAchievementDesignId=\"161\" /><AchievementDesign
        AchievementDesignId=\"162\" AchievementTitle=\"Jean Kickstarter\" AchievementDescription=\"Commissioned
        by Jean\" AchievementKey=\"com.savysoda.pixelStarships.jean\" AchievementReward=\"10\"
        AchievementGoal=\"1\" AchievementType=\"Challenge\" OrderIndex=\"100\" GuideType=\"None\"
        GuideArgument=\"0\" MineralReward=\"0\" GasReward=\"0\" SpriteId=\"16313\"
        IsHidden=\"true\" RewardString=\"\" DurationType=\"Permanent\" ParentAchievementDesignId=\"0\"
        RootAchievementDesignId=\"162\" /><AchievementDesign AchievementDesignId=\"165\"
        AchievementTitle=\"Hav\xF8k Kickstarter\" AchievementDescription=\"Commissioned
        by Hav\xF8k\" AchievementKey=\"com.savysoda.pixelStarships.havok\" AchievementReward=\"10\"
        AchievementGoal=\"1\" AchievementType=\"Challenge\" OrderIndex=\"100\" GuideType=\"None\"
        GuideArgument=\"0\" MineralReward=\"0\" GasReward=\"0\" SpriteId=\"16314\"
        IsHidden=\"true\" RewardString=\"\" DurationType=\"Permanent\" ParentAchievementDesignId=\"0\"
        RootAchievementDesignId=\"165\" /><AchievementDesign AchievementDesignId=\"179\"
        AchievementTitle=\"Operations I\" AchievementDescription=\"Increase ship power
        by upgrading reactors.\" AchievementKey=\"com.savysoda.pixelStarships.operations1\"
        AchievementReward=\"5\" AchievementGoal=\"2\" AchievementType=\"Operator\"
        OrderIndex=\"6\" GuideType=\"UpgradeRoom\" GuideArgument=\"5\" MineralReward=\"0\"
        GasReward=\"0\" SpriteId=\"16479\" IsHidden=\"false\" RewardString=\"mineral:1000\"
        DurationType=\"Permanent\" ParentAchievementDesignId=\"0\" RootAchievementDesignId=\"179\"
        /><AchievementDesign AchievementDesignId=\"180\" AchievementTitle=\"Operations
        II\" AchievementDescription=\"Increase ship maneuverability and chance to
        dodge by upgrading engines.\" AchievementKey=\"com.savysoda.pixelStarships.operations2\"
        AchievementReward=\"5\" AchievementGoal=\"2\" AchievementType=\"Operator\"
        OrderIndex=\"11\" GuideType=\"UpgradeRoom\" GuideArgument=\"4\" MineralReward=\"0\"
        GasReward=\"0\" SpriteId=\"16479\" IsHidden=\"false\" RewardString=\"gas:2000\"
        DurationType=\"Permanent\" ParentAchievementDesignId=\"179\" RootAchievementDesignId=\"179\"
        /><AchievementDesign AchievementDesignId=\"181\" AchievementTitle=\"Operations
        III\" AchievementDescription=\"Build a shield generator to enhance ship defence.\"
        AchievementKey=\"com.savysoda.pixelStarships.operations3\" AchievementReward=\"5\"
        AchievementGoal=\"1\" AchievementType=\"Operator\" OrderIndex=\"11\" GuideType=\"BuyRoom\"
        GuideArgument=\"8\" MineralReward=\"0\" GasReward=\"0\" SpriteId=\"16479\"
        IsHidden=\"false\" RewardString=\"gas:5000\" DurationType=\"Permanent\" ParentAchievementDesignId=\"180\"
        RootAchievementDesignId=\"179\" /><AchievementDesign AchievementDesignId=\"182\"
        AchievementTitle=\"Weapons I\" AchievementDescription=\"Improve combat readiness
        by constructing a Bolter turret system.\" AchievementKey=\"com.savysoda.pixelStarships.weapons1\"
        AchievementReward=\"5\" AchievementGoal=\"1\" AchievementType=\"Weapon\" OrderIndex=\"7\"
        GuideType=\"BuyRoom\" GuideArgument=\"120\" MineralReward=\"0\" GasReward=\"0\"
        SpriteId=\"16480\" IsHidden=\"false\" RewardString=\"mineral:2000\" DurationType=\"Permanent\"
        ParentAchievementDesignId=\"0\" RootAchievementDesignId=\"182\" /><AchievementDesign
        AchievementDesignId=\"183\" AchievementTitle=\"Weapons II\" AchievementDescription=\"Improve
        combat readiness by constructing a missile launcher.\" AchievementKey=\"com.savysoda.pixelStarships.weapons2\"
        AchievementReward=\"5\" AchievementGoal=\"1\" AchievementType=\"Weapon\" OrderIndex=\"13\"
        GuideType=\"None\" GuideArgument=\"9\" MineralReward=\"0\" GasReward=\"0\"
        SpriteId=\"16480\" IsHidden=\"false\" RewardString=\"mineral:5000\" DurationType=\"Permanent\"
        ParentAchievementDesignId=\"182\" RootAchievementDesignId=\"182\" /><AchievementDesign
        AchievementDesignId=\"184\" AchievementTitle=\"Weapons III\" AchievementDescription=\"Improve
        combat readiness by constructing a hangar.\" AchievementKey=\"com.savysoda.pixelStarships.weapons3\"
        AchievementReward=\"5\" AchievementGoal=\"1\" AchievementType=\"Weapon\" OrderIndex=\"14\"
        GuideType=\"None\" GuideArgument=\"150\" MineralReward=\"0\" GasReward=\"0\"
        SpriteId=\"16480\" IsHidden=\"false\" RewardString=\"mineral:20000\" DurationType=\"Permanent\"
        ParentAchievementDesignId=\"183\" RootAchievementDesignId=\"182\" /><AchievementDesign
        AchievementDesignId=\"185\" AchievementTitle=\"Radioactive Winter\" AchievementDescription=\"Premium
        participant in Season 2\" AchievementKey=\"com.savysoda.pixelStarships.season2badge\"
        AchievementReward=\"0\" AchievementGoal=\"185\" AchievementType=\"Collection\"
        OrderIndex=\"100\" GuideType=\"None\" GuideArgument=\"2\" MineralReward=\"0\"
        GasReward=\"0\" SpriteId=\"17032\" IsHidden=\"true\" RewardString=\"\" DurationType=\"Permanent\"
        ParentAchievementDesignId=\"0\" RootAchievementDesignId=\"185\" /><AchievementDesign
        AchievementDesignId=\"186\" AchievementTitle=\"2021 Fleet Champion\" AchievementDescription=\"Take
        1st place as a fleet in the 2021 Championship.\" AchievementKey=\"com.savysoda.pixelStarships.2021FleetChampion\"
        AchievementReward=\"1000\" AchievementGoal=\"1\" AchievementType=\"Tournament\"
        OrderIndex=\"200\" GuideType=\"None\" GuideArgument=\"0\" MineralReward=\"0\"
        GasReward=\"0\" SpriteId=\"17248\" IsHidden=\"true\" RewardString=\"starbux:1000\"
        DurationType=\"Permanent\" ParentAchievementDesignId=\"0\" RootAchievementDesignId=\"186\"
        /><AchievementDesign AchievementDesignId=\"187\" AchievementTitle=\"2021 Fleet
        Silver\" AchievementDescription=\"Take 2nd place as a fleet in the 2021 Championship.\"
        AchievementKey=\"com.savysoda.pixelStarships.2021FleetSilver\" AchievementReward=\"500\"
        AchievementGoal=\"1\" AchievementType=\"Tournament\" OrderIndex=\"200\" GuideType=\"None\"
        GuideArgument=\"0\" MineralReward=\"0\" GasReward=\"0\" SpriteId=\"17247\"
        IsHidden=\"true\" RewardString=\"starbux:500\" DurationType=\"Permanent\"
        ParentAchievementDesignId=\"0\" RootAchievementDesignId=\"187\" /><AchievementDesign
        AchievementDesignId=\"188\" AchievementTitle=\"2021 Fleet Bronze\" AchievementDescription=\"Take
        3rd place as a fleet in the 2021 Championship.\" AchievementKey=\"com.savysoda.pixelStarships.2021FleetBronze\"
        AchievementReward=\"200\" AchievementGoal=\"1\" AchievementType=\"Tournament\"
        OrderIndex=\"200\" GuideType=\"None\" GuideArgument=\"0\" MineralReward=\"0\"
        GasReward=\"0\" SpriteId=\"17246\" IsHidden=\"true\" RewardString=\"starbux:200\"
        DurationType=\"Permanent\" ParentAchievementDesignId=\"0\" RootAchievementDesignId=\"188\"
        /><AchievementDesign AchievementDesignId=\"191\" AchievementTitle=\"2021 Individual
        Champion\" AchievementDescription=\"Take 1st place as an individual in the
        2021 Championship.\" AchievementKey=\"com.savysoda.pixelStarships.2021IndividualChampion\"
        AchievementReward=\"1000\" AchievementGoal=\"1\" AchievementType=\"Tournament\"
        OrderIndex=\"200\" GuideType=\"None\" GuideArgument=\"0\" MineralReward=\"0\"
        GasReward=\"0\" SpriteId=\"17251\" IsHidden=\"true\" RewardString=\"starbux:1000\"
        DurationType=\"Permanent\" ParentAchievementDesignId=\"0\" RootAchievementDesignId=\"191\"
        /><AchievementDesign AchievementDesignId=\"192\" AchievementTitle=\"2021 Individual
        Silver\" AchievementDescription=\"Take 2nd place as an individual in the 2021
        Championship.\" AchievementKey=\"com.savysoda.pixelStarships.2021IndividualSilver\"
        AchievementReward=\"500\" AchievementGoal=\"1\" AchievementType=\"Tournament\"
        OrderIndex=\"200\" GuideType=\"None\" GuideArgument=\"0\" MineralReward=\"0\"
        GasReward=\"0\" SpriteId=\"17250\" IsHidden=\"true\" RewardString=\"starbux:500\"
        DurationType=\"Permanent\" ParentAchievementDesignId=\"0\" RootAchievementDesignId=\"192\"
        /><AchievementDesign AchievementDesignId=\"193\" AchievementTitle=\"2021 Individual
        Bronze\" AchievementDescription=\"Take 3rd place as an individual in the 2021
        Championship.\" AchievementKey=\"com.savysoda.pixelStarships.2021IndividualBronze\"
        AchievementReward=\"200\" AchievementGoal=\"1\" AchievementType=\"Tournament\"
        OrderIndex=\"200\" GuideType=\"None\" GuideArgument=\"0\" MineralReward=\"0\"
        GasReward=\"0\" SpriteId=\"17249\" IsHidden=\"true\" RewardString=\"starbux:200\"
        DurationType=\"Permanent\" ParentAchievementDesignId=\"0\" RootAchievementDesignId=\"193\"
        /><AchievementDesign AchievementDesignId=\"194\" AchievementTitle=\"2021 Top
        Individuals\" AchievementDescription=\"Take place as one of top 100 individuals
        in the 2021 Championship.\" AchievementKey=\"com.savysoda.pixelStarships.2021TopIndividual\"
        AchievementReward=\"200\" AchievementGoal=\"1\" AchievementType=\"Tournament\"
        OrderIndex=\"200\" GuideType=\"None\" GuideArgument=\"0\" MineralReward=\"0\"
        GasReward=\"0\" SpriteId=\"17252\" IsHidden=\"true\" RewardString=\"starbux:200\"
        DurationType=\"Permanent\" ParentAchievementDesignId=\"0\" RootAchievementDesignId=\"194\"
        /><AchievementDesign AchievementDesignId=\"195\" AchievementTitle=\"2022 Fleet
        Champion\" AchievementDescription=\"Take 1st place as a fleet in the 2022
        Championship.\" AchievementKey=\"com.savysoda.pixelStarships.2022FleetChampion\"
        AchievementReward=\"1000\" AchievementGoal=\"1\" AchievementType=\"Tournament\"
        OrderIndex=\"200\" GuideType=\"None\" GuideArgument=\"0\" MineralReward=\"0\"
        GasReward=\"0\" SpriteId=\"18928\" IsHidden=\"true\" RewardString=\"starbux:1000\"
        DurationType=\"Permanent\" ParentAchievementDesignId=\"0\" RootAchievementDesignId=\"195\"
        /><AchievementDesign AchievementDesignId=\"196\" AchievementTitle=\"2022 Fleet
        Silver\" AchievementDescription=\"Take 2nd place as a fleet in the 2022 Championship.\"
        AchievementKey=\"com.savysoda.pixelStarships.2022FleetSilver\" AchievementReward=\"500\"
        AchievementGoal=\"1\" AchievementType=\"Tournament\" OrderIndex=\"200\" GuideType=\"None\"
        GuideArgument=\"0\" MineralReward=\"0\" GasReward=\"0\" SpriteId=\"18927\"
        IsHidden=\"true\" RewardString=\"starbux:500\" DurationType=\"Permanent\"
        ParentAchievementDesignId=\"0\" RootAchievementDesignId=\"196\" /><AchievementDesign
        AchievementDesignId=\"197\" AchievementTitle=\"2022 Fleet Bronze\" AchievementDescription=\"Take
        3rd place as a fleet in the 2022 Championship.\" AchievementKey=\"com.savysoda.pixelStarships.2022FleetBronze\"
        AchievementReward=\"200\" AchievementGoal=\"1\" AchievementType=\"Tournament\"
        OrderIndex=\"200\" GuideType=\"None\" GuideArgument=\"0\" MineralReward=\"0\"
        GasReward=\"0\" SpriteId=\"18926\" IsHidden=\"true\" RewardString=\"starbux:200\"
        DurationType=\"Permanent\" ParentAchievementDesignId=\"0\" RootAchievementDesignId=\"197\"
        /><AchievementDesign AchievementDesignId=\"201\" AchievementTitle=\"2022 Individual
        Champion\" AchievementDescription=\"Take 1st place as an individual in the
        2022 Championship.\" AchievementKey=\"com.savysoda.pixelStarships.2022IndividualChampion\"
        AchievementReward=\"1000\" AchievementGoal=\"1\" AchievementType=\"Tournament\"
        OrderIndex=\"200\" GuideType=\"None\" GuideArgument=\"0\" MineralReward=\"0\"
        GasReward=\"0\" SpriteId=\"18931\" IsHidden=\"true\" RewardString=\"starbux:1000\"
        DurationType=\"Permanent\" ParentAchievementDesignId=\"0\" RootAchievementDesignId=\"201\"
        /><AchievementDesign AchievementDesignId=\"202\" AchievementTitle=\"2022 Individual
        Silver\" AchievementDescription=\"Take 2nd place as an individual in the 2022
        Championship.\" AchievementKey=\"com.savysoda.pixelStarships.2022IndividualSilver\"
        AchievementReward=\"500\" AchievementGoal=\"1\" AchievementType=\"Tournament\"
        OrderIndex=\"200\" GuideType=\"None\" GuideArgument=\"0\" MineralReward=\"0\"
        GasReward=\"0\" SpriteId=\"18930\" IsHidden=\"true\" RewardString=\"starbux:500\"
        DurationType=\"Permanent\" ParentAchievementDesignId=\"0\" RootAchievementDesignId=\"202\"
        /><AchievementDesign AchievementDesignId=\"203\" AchievementTitle=\"2022 Individual
        Bronze\" AchievementDescription=\"Take 3rd place as an individual in the 2022
        Championship.\" AchievementKey=\"com.savysoda.pixelStarships.2022IndividualBronze\"
        AchievementReward=\"200\" AchievementGoal=\"1\" AchievementType=\"Tournament\"
        OrderIndex=\"200\" GuideType=\"None\" GuideArgument=\"0\" MineralReward=\"0\"
        GasReward=\"0\" SpriteId=\"18929\" IsHidden=\"true\" RewardString=\"starbux:200\"
        DurationType=\"Permanent\" ParentAchievementDesignId=\"0\" RootAchievementDesignId=\"203\"
        /><AchievementDesign AchievementDesignId=\"204\" AchievementTitle=\"2022 Top
        Individuals\" AchievementDescription=\"Take place as one of top 100 individuals
        in the 2022 Championship.\" AchievementKey=\"com.savysoda.pixelStarships.2022TopIndividual\"
        AchievementReward=\"200\" AchievementGoal=\"1\" AchievementType=\"Tournament\"
        OrderIndex=\"200\" GuideType=\"None\" GuideArgument=\"0\" MineralReward=\"0\"
        GasReward=\"0\" SpriteId=\"18932\" IsHidden=\"true\" RewardString=\"starbux:200\"
        DurationType=\"Permanent\" ParentAchievementDesignId=\"0\" RootAchievementDesignId=\"204\"
        /><AchievementDesign AchievementDesignId=\"207\" AchievementTitle=\"2023 Fleet
        Champion\" AchievementDescription=\"Take 1st place as a fleet in the 2023
        Championship.\" AchievementKey=\"com.savysoda.pixelStarships.2023FleetChampion\"
        AchievementReward=\"1000\" AchievementGoal=\"1\" AchievementType=\"Tournament\"
        OrderIndex=\"200\" GuideType=\"None\" GuideArgument=\"0\" MineralReward=\"0\"
        GasReward=\"0\" SpriteId=\"20840\" IsHidden=\"true\" RewardString=\"starbux:1000\"
        DurationType=\"Permanent\" ParentAchievementDesignId=\"0\" RootAchievementDesignId=\"207\"
        /><AchievementDesign AchievementDesignId=\"208\" AchievementTitle=\"2023 Fleet
        Silver\" AchievementDescription=\"Take 2nd place as a fleet in the 2023 Championship.\"
        AchievementKey=\"com.savysoda.pixelStarships.2023FleetSilver\" AchievementReward=\"500\"
        AchievementGoal=\"1\" AchievementType=\"Tournament\" OrderIndex=\"200\" GuideType=\"None\"
        GuideArgument=\"0\" MineralReward=\"0\" GasReward=\"0\" SpriteId=\"20839\"
        IsHidden=\"true\" RewardString=\"starbux:500\" DurationType=\"Permanent\"
        ParentAchievementDesignId=\"0\" RootAchievementDesignId=\"208\" /><AchievementDesign
        AchievementDesignId=\"209\" AchievementTitle=\"2023 Fleet Bronze\" AchievementDescription=\"Take
        3rd place as a fleet in the 2023 Championship.\" AchievementKey=\"com.savysoda.pixelStarships.2023FleetBronze\"
        AchievementReward=\"200\" AchievementGoal=\"1\" AchievementType=\"Tournament\"
        OrderIndex=\"200\" GuideType=\"None\" GuideArgument=\"0\" MineralReward=\"0\"
        GasReward=\"0\" SpriteId=\"20838\" IsHidden=\"true\" RewardString=\"starbux:200\"
        DurationType=\"Permanent\" ParentAchievementDesignId=\"0\" RootAchievementDesignId=\"209\"
        /><AchievementDesign AchievementDesignId=\"210\" AchievementTitle=\"2023 Individual
        Champion\" AchievementDescription=\"Take 1st place as an individual in the
        2023 Championship.\" AchievementKey=\"com.savysoda.pixelStarships.2023IndividualChampion\"
        AchievementReward=\"1000\" AchievementGoal=\"1\" AchievementType=\"Tournament\"
        OrderIndex=\"200\" GuideType=\"None\" GuideArgument=\"0\" MineralReward=\"0\"
        GasReward=\"0\" SpriteId=\"20836\" IsHidden=\"true\" RewardString=\"starbux:1000\"
        DurationType=\"Permanent\" ParentAchievementDesignId=\"0\" RootAchievementDesignId=\"210\"
        /><AchievementDesign AchievementDesignId=\"211\" AchievementTitle=\"2023 Individual
        Silver\" AchievementDescription=\"Take 2nd place as an individual in the 2023
        Championship.\" AchievementKey=\"com.savysoda.pixelStarships.2023IndividualSilver\"
        AchievementReward=\"500\" AchievementGoal=\"1\" AchievementType=\"Tournament\"
        OrderIndex=\"200\" GuideType=\"None\" GuideArgument=\"0\" MineralReward=\"0\"
        GasReward=\"0\" SpriteId=\"20835\" IsHidden=\"true\" RewardString=\"starbux:500\"
        DurationType=\"Permanent\" ParentAchievementDesignId=\"0\" RootAchievementDesignId=\"211\"
        /><AchievementDesign AchievementDesignId=\"212\" AchievementTitle=\"2023 Individual
        Bronze\" AchievementDescription=\"Take 3rd place as an individual in the 2023
        Championship.\" AchievementKey=\"com.savysoda.pixelStarships.2023IndividualBronze\"
        AchievementReward=\"200\" AchievementGoal=\"1\" AchievementType=\"Tournament\"
        OrderIndex=\"200\" GuideType=\"None\" GuideArgument=\"0\" MineralReward=\"0\"
        GasReward=\"0\" SpriteId=\"20834\" IsHidden=\"true\" RewardString=\"starbux:200\"
        DurationType=\"Permanent\" ParentAchievementDesignId=\"0\" RootAchievementDesignId=\"212\"
        /><AchievementDesign AchievementDesignId=\"213\" AchievementTitle=\"2023 Top
        Individuals\" AchievementDescription=\"Take place as one of top 100 individuals
        in the 2023 Championship.\" AchievementKey=\"com.savysoda.pixelStarships.2023TopIndividual\"
        AchievementReward=\"200\" AchievementGoal=\"1\" AchievementType=\"Tournament\"
        OrderIndex=\"200\" GuideType=\"None\" GuideArgument=\"0\" MineralReward=\"0\"
        GasReward=\"0\" SpriteId=\"20837\" IsHidden=\"true\" RewardString=\"starbux:200\"
        DurationType=\"Permanent\" ParentAchievementDesignId=\"0\" RootAchievementDesignId=\"213\"
        /></AchievementDesigns></ListAchievementDesigns></AchievementService>"
    headers:
      Access-Control-Allow-Headers:
      - '*'
      Access-Control-Allow-Methods:
      - '*'
      Access-Control-Allow-Origin:
      - '*'
      Cache-Control:
      - public, no-cache="Set-Cookie", max-age=1200
      Connection:
      - keep-alive
      Content-Encoding:
      - gzip
      Content-Type:
      - application/xml
      Date:
      - Thu, 21 Mar 2024 07:10:49 GMT
      Expires:
      - Thu, 21 Mar 2024 07:30:49 GMT
      Last-Modified:
      - Thu, 21 Mar 2024 07:10:49 GMT
      Server:
      - Microsoft-IIS/10.0
      Transfer-Encoding:
      - chunked
      Vary:
      - Accept-Encoding
      Via:
      - 1.1 95e3cc9e14ff093ad937f013959268c0.cloudfront.net (CloudFront)
      X-Amz-Cf-Id:
      - 8In4biD84-nCvef11HUt0zCymK7yzYp2kloFP7Q4Ilg0HJuzPGk1GQ==
      X-Amz-Cf-Pop:
      - TXL50-P4
      X-AspNet-Version:
      - 4.0.30319
      X-Cache:
      - Miss from cloudfront
      X-Powered-By:
      - ASP.NET
    status:
      code: 200
      message: OK
version: 1
